<?xml version="1.0" encoding="ISO-8859-1" ?>
<link_info>
   <banner>TI ARM Linker Unix v20.2.2.LTS</banner>
   <copyright>Copyright (c) 1996-2018 Texas Instruments Incorporated</copyright>
   <link_time>0x607cc73d</link_time>
   <link_errors>0x0</link_errors>
   <output_file>gpiointerrupt_CC3220S_LAUNCHXL_nortos_ccs.out</output_file>
   <entry_point>
      <name>resetISR</name>
      <address>0x20012061</address>
   </entry_point>
   <input_file_list>
      <input_file id="fl-1">
         <path>./</path>
         <kind>object</kind>
         <file>gpiointerrupt.obj</file>
         <name>gpiointerrupt.obj</name>
      </input_file>
      <input_file id="fl-2">
         <path>./syscfg/</path>
         <kind>object</kind>
         <file>ti_drivers_config.obj</file>
         <name>ti_drivers_config.obj</name>
      </input_file>
      <input_file id="fl-3">
         <path>./</path>
         <kind>object</kind>
         <file>main_nortos.obj</file>
         <name>main_nortos.obj</name>
      </input_file>
      <input_file id="fl-c">
         <kind>object</kind>
         <file>&lt;internal&gt;</file>
         <name>&lt;internal&gt;</name>
      </input_file>
      <input_file id="fl-d">
         <path>/Applications/ti/simplelink_cc32xx_sdk_4_40_00_07/source/ti/drivers/lib/ccs/m4/</path>
         <kind>archive</kind>
         <file>drivers_cc32xx.a</file>
         <name>I2C.oem4</name>
      </input_file>
      <input_file id="fl-e">
         <path>/Applications/ti/simplelink_cc32xx_sdk_4_40_00_07/source/ti/drivers/lib/ccs/m4/</path>
         <kind>archive</kind>
         <file>drivers_cc32xx.a</file>
         <name>Timer.oem4</name>
      </input_file>
      <input_file id="fl-f">
         <path>/Applications/ti/simplelink_cc32xx_sdk_4_40_00_07/source/ti/drivers/lib/ccs/m4/</path>
         <kind>archive</kind>
         <file>drivers_cc32xx.a</file>
         <name>UART.oem4</name>
      </input_file>
      <input_file id="fl-10">
         <path>/Applications/ti/simplelink_cc32xx_sdk_4_40_00_07/source/ti/drivers/lib/ccs/m4/</path>
         <kind>archive</kind>
         <file>drivers_cc32xx.a</file>
         <name>GPIOCC32XX.oem4</name>
      </input_file>
      <input_file id="fl-11">
         <path>/Applications/ti/simplelink_cc32xx_sdk_4_40_00_07/source/ti/drivers/lib/ccs/m4/</path>
         <kind>archive</kind>
         <file>drivers_cc32xx.a</file>
         <name>I2CCC32XX.oem4</name>
      </input_file>
      <input_file id="fl-12">
         <path>/Applications/ti/simplelink_cc32xx_sdk_4_40_00_07/source/ti/drivers/lib/ccs/m4/</path>
         <kind>archive</kind>
         <file>drivers_cc32xx.a</file>
         <name>PowerCC32XX.oem4</name>
      </input_file>
      <input_file id="fl-13">
         <path>/Applications/ti/simplelink_cc32xx_sdk_4_40_00_07/source/ti/drivers/lib/ccs/m4/</path>
         <kind>archive</kind>
         <file>drivers_cc32xx.a</file>
         <name>PowerCC32XX_asm.oem4</name>
      </input_file>
      <input_file id="fl-14">
         <path>/Applications/ti/simplelink_cc32xx_sdk_4_40_00_07/source/ti/drivers/lib/ccs/m4/</path>
         <kind>archive</kind>
         <file>drivers_cc32xx.a</file>
         <name>TimerCC32XX.oem4</name>
      </input_file>
      <input_file id="fl-15">
         <path>/Applications/ti/simplelink_cc32xx_sdk_4_40_00_07/source/ti/drivers/lib/ccs/m4/</path>
         <kind>archive</kind>
         <file>drivers_cc32xx.a</file>
         <name>UARTCC32XX.oem4</name>
      </input_file>
      <input_file id="fl-16">
         <path>/Applications/ti/simplelink_cc32xx_sdk_4_40_00_07/source/ti/drivers/lib/ccs/m4/</path>
         <kind>archive</kind>
         <file>drivers_cc32xx.a</file>
         <name>List.oem4</name>
      </input_file>
      <input_file id="fl-17">
         <path>/Applications/ti/simplelink_cc32xx_sdk_4_40_00_07/source/ti/drivers/lib/ccs/m4/</path>
         <kind>archive</kind>
         <file>drivers_cc32xx.a</file>
         <name>RingBuf.oem4</name>
      </input_file>
      <input_file id="fl-18">
         <path>/Applications/ti/simplelink_cc32xx_sdk_4_40_00_07/kernel/nortos/lib/ccs/m4/</path>
         <kind>archive</kind>
         <file>nortos_cc32xx.a</file>
         <name>NoRTOS.oem4</name>
      </input_file>
      <input_file id="fl-19">
         <path>/Applications/ti/simplelink_cc32xx_sdk_4_40_00_07/kernel/nortos/lib/ccs/m4/</path>
         <kind>archive</kind>
         <file>nortos_cc32xx.a</file>
         <name>SemaphoreP_nortos.oem4</name>
      </input_file>
      <input_file id="fl-1a">
         <path>/Applications/ti/simplelink_cc32xx_sdk_4_40_00_07/kernel/nortos/lib/ccs/m4/</path>
         <kind>archive</kind>
         <file>nortos_cc32xx.a</file>
         <name>ClockPSysTick_nortos.oem4</name>
      </input_file>
      <input_file id="fl-1b">
         <path>/Applications/ti/simplelink_cc32xx_sdk_4_40_00_07/kernel/nortos/lib/ccs/m4/</path>
         <kind>archive</kind>
         <file>nortos_cc32xx.a</file>
         <name>HwiPCC32XX_nortos.oem4</name>
      </input_file>
      <input_file id="fl-1c">
         <path>/Applications/ti/simplelink_cc32xx_sdk_4_40_00_07/kernel/nortos/lib/ccs/m4/</path>
         <kind>archive</kind>
         <file>nortos_cc32xx.a</file>
         <name>PowerCC32XX_nortos.oem4</name>
      </input_file>
      <input_file id="fl-1d">
         <path>/Applications/ti/simplelink_cc32xx_sdk_4_40_00_07/kernel/nortos/lib/ccs/m4/</path>
         <kind>archive</kind>
         <file>nortos_cc32xx.a</file>
         <name>startup_cc32xx_ccs.oem4</name>
      </input_file>
      <input_file id="fl-1e">
         <path>/Applications/ti/simplelink_cc32xx_sdk_4_40_00_07/kernel/nortos/lib/ccs/m4/</path>
         <kind>archive</kind>
         <file>nortos_cc32xx.a</file>
         <name>SwiP_nortos.oem4</name>
      </input_file>
      <input_file id="fl-1f">
         <path>/Applications/ti/simplelink_cc32xx_sdk_4_40_00_07/kernel/nortos/lib/ccs/m4/</path>
         <kind>archive</kind>
         <file>nortos_cc32xx.a</file>
         <name>QueueP_nortos.oem4</name>
      </input_file>
      <input_file id="fl-20">
         <path>/Applications/ti/simplelink_cc32xx_sdk_4_40_00_07/source/ti/devices/cc32xx/driverlib/ccs/Release/</path>
         <kind>archive</kind>
         <file>driverlib.a</file>
         <name>cpu.obj</name>
      </input_file>
      <input_file id="fl-21">
         <path>/Applications/ti/simplelink_cc32xx_sdk_4_40_00_07/source/ti/devices/cc32xx/driverlib/ccs/Release/</path>
         <kind>archive</kind>
         <file>driverlib.a</file>
         <name>i2c.obj</name>
      </input_file>
      <input_file id="fl-22">
         <path>/Applications/ti/simplelink_cc32xx_sdk_4_40_00_07/source/ti/devices/cc32xx/driverlib/ccs/Release/</path>
         <kind>archive</kind>
         <file>driverlib.a</file>
         <name>interrupt.obj</name>
      </input_file>
      <input_file id="fl-23">
         <path>/Applications/ti/simplelink_cc32xx_sdk_4_40_00_07/source/ti/devices/cc32xx/driverlib/ccs/Release/</path>
         <kind>archive</kind>
         <file>driverlib.a</file>
         <name>pin.obj</name>
      </input_file>
      <input_file id="fl-24">
         <path>/Applications/ti/simplelink_cc32xx_sdk_4_40_00_07/source/ti/devices/cc32xx/driverlib/ccs/Release/</path>
         <kind>archive</kind>
         <file>driverlib.a</file>
         <name>prcm.obj</name>
      </input_file>
      <input_file id="fl-25">
         <path>/Applications/ti/simplelink_cc32xx_sdk_4_40_00_07/source/ti/devices/cc32xx/driverlib/ccs/Release/</path>
         <kind>archive</kind>
         <file>driverlib.a</file>
         <name>timer.obj</name>
      </input_file>
      <input_file id="fl-26">
         <path>/Applications/ti/simplelink_cc32xx_sdk_4_40_00_07/source/ti/devices/cc32xx/driverlib/ccs/Release/</path>
         <kind>archive</kind>
         <file>driverlib.a</file>
         <name>uart.obj</name>
      </input_file>
      <input_file id="fl-27">
         <path>/Applications/ti/simplelink_cc32xx_sdk_4_40_00_07/source/ti/devices/cc32xx/driverlib/ccs/Release/</path>
         <kind>archive</kind>
         <file>driverlib.a</file>
         <name>utils.obj</name>
      </input_file>
      <input_file id="fl-28">
         <path>/Applications/ti/simplelink_cc32xx_sdk_4_40_00_07/source/ti/devices/cc32xx/driverlib/ccs/Release/</path>
         <kind>archive</kind>
         <file>driverlib.a</file>
         <name>flash.obj</name>
      </input_file>
      <input_file id="fl-de">
         <path>/Applications/ti/ccs1020/ccs/tools/compiler/ti-cgt-arm_20.2.2.LTS/lib/</path>
         <kind>archive</kind>
         <file>rtsv7M4_T_le_eabi.lib</file>
         <name>snprintf.c.obj</name>
      </input_file>
      <input_file id="fl-df">
         <path>/Applications/ti/ccs1020/ccs/tools/compiler/ti-cgt-arm_20.2.2.LTS/lib/</path>
         <kind>archive</kind>
         <file>rtsv7M4_T_le_eabi.lib</file>
         <name>fs_mul_t2.asm.obj</name>
      </input_file>
      <input_file id="fl-e0">
         <path>/Applications/ti/ccs1020/ccs/tools/compiler/ti-cgt-arm_20.2.2.LTS/lib/</path>
         <kind>archive</kind>
         <file>rtsv7M4_T_le_eabi.lib</file>
         <name>fs_toi_t2.asm.obj</name>
      </input_file>
      <input_file id="fl-e1">
         <path>/Applications/ti/ccs1020/ccs/tools/compiler/ti-cgt-arm_20.2.2.LTS/lib/</path>
         <kind>archive</kind>
         <file>rtsv7M4_T_le_eabi.lib</file>
         <name>i_tofs_t2.asm.obj</name>
      </input_file>
      <input_file id="fl-e2">
         <path>/Applications/ti/ccs1020/ccs/tools/compiler/ti-cgt-arm_20.2.2.LTS/lib/</path>
         <kind>archive</kind>
         <file>rtsv7M4_T_le_eabi.lib</file>
         <name>ll_mul_t2.asm.obj</name>
      </input_file>
      <input_file id="fl-e3">
         <path>/Applications/ti/ccs1020/ccs/tools/compiler/ti-cgt-arm_20.2.2.LTS/lib/</path>
         <kind>archive</kind>
         <file>rtsv7M4_T_le_eabi.lib</file>
         <name>memcpy_t2.asm.obj</name>
      </input_file>
      <input_file id="fl-e4">
         <path>/Applications/ti/ccs1020/ccs/tools/compiler/ti-cgt-arm_20.2.2.LTS/lib/</path>
         <kind>archive</kind>
         <file>rtsv7M4_T_le_eabi.lib</file>
         <name>ull_div_t2.asm.obj</name>
      </input_file>
      <input_file id="fl-e5">
         <path>/Applications/ti/ccs1020/ccs/tools/compiler/ti-cgt-arm_20.2.2.LTS/lib/</path>
         <kind>archive</kind>
         <file>rtsv7M4_T_le_eabi.lib</file>
         <name>copy_zero_init.c.obj</name>
      </input_file>
      <input_file id="fl-e6">
         <path>/Applications/ti/ccs1020/ccs/tools/compiler/ti-cgt-arm_20.2.2.LTS/lib/</path>
         <kind>archive</kind>
         <file>rtsv7M4_T_le_eabi.lib</file>
         <name>copy_decompress_none.c.obj</name>
      </input_file>
      <input_file id="fl-e7">
         <path>/Applications/ti/ccs1020/ccs/tools/compiler/ti-cgt-arm_20.2.2.LTS/lib/</path>
         <kind>archive</kind>
         <file>rtsv7M4_T_le_eabi.lib</file>
         <name>copy_decompress_lzss.c.obj</name>
      </input_file>
      <input_file id="fl-e8">
         <path>/Applications/ti/ccs1020/ccs/tools/compiler/ti-cgt-arm_20.2.2.LTS/lib/</path>
         <kind>archive</kind>
         <file>rtsv7M4_T_le_eabi.lib</file>
         <name>memory.c.obj</name>
      </input_file>
      <input_file id="fl-e9">
         <path>/Applications/ti/ccs1020/ccs/tools/compiler/ti-cgt-arm_20.2.2.LTS/lib/</path>
         <kind>archive</kind>
         <file>rtsv7M4_T_le_eabi.lib</file>
         <name>boot_cortex_m.c.obj</name>
      </input_file>
      <input_file id="fl-ea">
         <path>/Applications/ti/ccs1020/ccs/tools/compiler/ti-cgt-arm_20.2.2.LTS/lib/</path>
         <kind>archive</kind>
         <file>rtsv7M4_T_le_eabi.lib</file>
         <name>_printfi.c.obj</name>
      </input_file>
      <input_file id="fl-eb">
         <path>/Applications/ti/ccs1020/ccs/tools/compiler/ti-cgt-arm_20.2.2.LTS/lib/</path>
         <kind>archive</kind>
         <file>rtsv7M4_T_le_eabi.lib</file>
         <name>div0.asm.obj</name>
      </input_file>
      <input_file id="fl-ec">
         <path>/Applications/ti/ccs1020/ccs/tools/compiler/ti-cgt-arm_20.2.2.LTS/lib/</path>
         <kind>archive</kind>
         <file>rtsv7M4_T_le_eabi.lib</file>
         <name>fd_add_t2.asm.obj</name>
      </input_file>
      <input_file id="fl-ed">
         <path>/Applications/ti/ccs1020/ccs/tools/compiler/ti-cgt-arm_20.2.2.LTS/lib/</path>
         <kind>archive</kind>
         <file>rtsv7M4_T_le_eabi.lib</file>
         <name>fd_cmp_t2.asm.obj</name>
      </input_file>
      <input_file id="fl-ee">
         <path>/Applications/ti/ccs1020/ccs/tools/compiler/ti-cgt-arm_20.2.2.LTS/lib/</path>
         <kind>archive</kind>
         <file>rtsv7M4_T_le_eabi.lib</file>
         <name>fd_div_t2.asm.obj</name>
      </input_file>
      <input_file id="fl-ef">
         <path>/Applications/ti/ccs1020/ccs/tools/compiler/ti-cgt-arm_20.2.2.LTS/lib/</path>
         <kind>archive</kind>
         <file>rtsv7M4_T_le_eabi.lib</file>
         <name>fd_mul_t2.asm.obj</name>
      </input_file>
      <input_file id="fl-f0">
         <path>/Applications/ti/ccs1020/ccs/tools/compiler/ti-cgt-arm_20.2.2.LTS/lib/</path>
         <kind>archive</kind>
         <file>rtsv7M4_T_le_eabi.lib</file>
         <name>fd_toi_t2.asm.obj</name>
      </input_file>
      <input_file id="fl-f1">
         <path>/Applications/ti/ccs1020/ccs/tools/compiler/ti-cgt-arm_20.2.2.LTS/lib/</path>
         <kind>archive</kind>
         <file>rtsv7M4_T_le_eabi.lib</file>
         <name>i_tofd_t2.asm.obj</name>
      </input_file>
      <input_file id="fl-f2">
         <path>/Applications/ti/ccs1020/ccs/tools/compiler/ti-cgt-arm_20.2.2.LTS/lib/</path>
         <kind>archive</kind>
         <file>rtsv7M4_T_le_eabi.lib</file>
         <name>memset_t2.asm.obj</name>
      </input_file>
      <input_file id="fl-f3">
         <path>/Applications/ti/ccs1020/ccs/tools/compiler/ti-cgt-arm_20.2.2.LTS/lib/</path>
         <kind>archive</kind>
         <file>rtsv7M4_T_le_eabi.lib</file>
         <name>autoinit.c.obj</name>
      </input_file>
      <input_file id="fl-f4">
         <path>/Applications/ti/ccs1020/ccs/tools/compiler/ti-cgt-arm_20.2.2.LTS/lib/</path>
         <kind>archive</kind>
         <file>rtsv7M4_T_le_eabi.lib</file>
         <name>pre_init.c.obj</name>
      </input_file>
      <input_file id="fl-f5">
         <path>/Applications/ti/ccs1020/ccs/tools/compiler/ti-cgt-arm_20.2.2.LTS/lib/</path>
         <kind>archive</kind>
         <file>rtsv7M4_T_le_eabi.lib</file>
         <name>cpy_tbl.c.obj</name>
      </input_file>
      <input_file id="fl-f6">
         <path>/Applications/ti/ccs1020/ccs/tools/compiler/ti-cgt-arm_20.2.2.LTS/lib/</path>
         <kind>archive</kind>
         <file>rtsv7M4_T_le_eabi.lib</file>
         <name>exit.c.obj</name>
      </input_file>
      <input_file id="fl-f7">
         <path>/Applications/ti/ccs1020/ccs/tools/compiler/ti-cgt-arm_20.2.2.LTS/lib/</path>
         <kind>archive</kind>
         <file>rtsv7M4_T_le_eabi.lib</file>
         <name>_lock.c.obj</name>
      </input_file>
      <input_file id="fl-f8">
         <path>/Applications/ti/ccs1020/ccs/tools/compiler/ti-cgt-arm_20.2.2.LTS/lib/</path>
         <kind>archive</kind>
         <file>rtsv7M4_T_le_eabi.lib</file>
         <name>_ltoa.c.obj</name>
      </input_file>
      <input_file id="fl-f9">
         <path>/Applications/ti/ccs1020/ccs/tools/compiler/ti-cgt-arm_20.2.2.LTS/lib/</path>
         <kind>archive</kind>
         <file>rtsv7M4_T_le_eabi.lib</file>
         <name>args_main.c.obj</name>
      </input_file>
      <input_file id="fl-fa">
         <path>/Applications/ti/ccs1020/ccs/tools/compiler/ti-cgt-arm_20.2.2.LTS/lib/</path>
         <kind>archive</kind>
         <file>rtsv7M4_T_le_eabi.lib</file>
         <name>atoi.c.obj</name>
      </input_file>
      <input_file id="fl-fb">
         <path>/Applications/ti/ccs1020/ccs/tools/compiler/ti-cgt-arm_20.2.2.LTS/lib/</path>
         <kind>archive</kind>
         <file>rtsv7M4_T_le_eabi.lib</file>
         <name>ctype.c.obj</name>
      </input_file>
      <input_file id="fl-fc">
         <path>/Applications/ti/ccs1020/ccs/tools/compiler/ti-cgt-arm_20.2.2.LTS/lib/</path>
         <kind>archive</kind>
         <file>rtsv7M4_T_le_eabi.lib</file>
         <name>memccpy.c.obj</name>
      </input_file>
      <input_file id="fl-fd">
         <path>/Applications/ti/ccs1020/ccs/tools/compiler/ti-cgt-arm_20.2.2.LTS/lib/</path>
         <kind>archive</kind>
         <file>rtsv7M4_T_le_eabi.lib</file>
         <name>strchr.c.obj</name>
      </input_file>
      <input_file id="fl-fe">
         <path>/Applications/ti/ccs1020/ccs/tools/compiler/ti-cgt-arm_20.2.2.LTS/lib/</path>
         <kind>archive</kind>
         <file>rtsv7M4_T_le_eabi.lib</file>
         <name>strlen.c.obj</name>
      </input_file>
      <input_file id="fl-ff">
         <path>/Applications/ti/ccs1020/ccs/tools/compiler/ti-cgt-arm_20.2.2.LTS/lib/</path>
         <kind>archive</kind>
         <file>rtsv7M4_T_le_eabi.lib</file>
         <name>errno.c.obj</name>
      </input_file>
      <input_file id="fl-100">
         <path>/Applications/ti/ccs1020/ccs/tools/compiler/ti-cgt-arm_20.2.2.LTS/lib/</path>
         <kind>archive</kind>
         <file>rtsv7M4_T_le_eabi.lib</file>
         <name>s_frexp.c.obj</name>
      </input_file>
      <input_file id="fl-101">
         <path>/Applications/ti/ccs1020/ccs/tools/compiler/ti-cgt-arm_20.2.2.LTS/lib/</path>
         <kind>archive</kind>
         <file>rtsv7M4_T_le_eabi.lib</file>
         <name>s_scalbn.c.obj</name>
      </input_file>
      <input_file id="fl-102">
         <path>/Applications/ti/ccs1020/ccs/tools/compiler/ti-cgt-arm_20.2.2.LTS/lib/</path>
         <kind>archive</kind>
         <file>rtsv7M4_T_le_eabi.lib</file>
         <name>wcslen.c.obj</name>
      </input_file>
      <input_file id="fl-103">
         <path>/Applications/ti/ccs1020/ccs/tools/compiler/ti-cgt-arm_20.2.2.LTS/lib/</path>
         <kind>archive</kind>
         <file>rtsv7M4_T_le_eabi.lib</file>
         <name>s_copysign.c.obj</name>
      </input_file>
   </input_file_list>
   <object_component_list>
      <object_component id="oc-3a2">
         <name>.text:__TI_printfi</name>
         <load_address>0x2000c040</load_address>
         <run_address>0x2000c040</run_address>
         <size>0xa4e</size>
         <input_file_ref idref="fl-ea"/>
      </object_component>
      <object_component id="oc-1d9">
         <name>.text:Board_initHook</name>
         <load_address>0x2000ca8e</load_address>
         <run_address>0x2000ca8e</run_address>
         <size>0x2</size>
         <input_file_ref idref="fl-2"/>
      </object_component>
      <object_component id="oc-1cd">
         <name>.text:PRCMCC3200MCUInit</name>
         <load_address>0x2000ca90</load_address>
         <run_address>0x2000ca90</run_address>
         <size>0x42c</size>
         <input_file_ref idref="fl-24"/>
      </object_component>
      <object_component id="oc-7af">
         <name>.text:UARTCC32XX_open</name>
         <load_address>0x2000cebc</load_address>
         <run_address>0x2000cebc</run_address>
         <size>0x288</size>
         <input_file_ref idref="fl-15"/>
      </object_component>
      <object_component id="oc-52c">
         <name>.text:_pconv_a</name>
         <load_address>0x2000d144</load_address>
         <run_address>0x2000d144</run_address>
         <size>0x268</size>
         <input_file_ref idref="fl-ea"/>
      </object_component>
      <object_component id="oc-1ff">
         <name>.text:initI2C</name>
         <load_address>0x2000d3ac</load_address>
         <run_address>0x2000d3ac</run_address>
         <size>0x250</size>
         <input_file_ref idref="fl-1"/>
      </object_component>
      <object_component id="oc-1e7">
         <name>.text:GPIO_setConfig</name>
         <load_address>0x2000d5fc</load_address>
         <run_address>0x2000d5fc</run_address>
         <size>0x1e4</size>
         <input_file_ref idref="fl-10"/>
      </object_component>
      <object_component id="oc-51a">
         <name>.text:_pconv_g</name>
         <load_address>0x2000d7e0</load_address>
         <run_address>0x2000d7e0</run_address>
         <size>0x1cc</size>
         <input_file_ref idref="fl-ea"/>
      </object_component>
      <object_component id="oc-6d3">
         <name>.text</name>
         <load_address>0x2000d9ac</load_address>
         <run_address>0x2000d9ac</run_address>
         <size>0x1b6</size>
         <input_file_ref idref="fl-ec"/>
      </object_component>
      <object_component id="oc-351">
         <name>.text:I2C_init</name>
         <load_address>0x2000db62</load_address>
         <run_address>0x2000db62</run_address>
         <size>0x2</size>
         <input_file_ref idref="fl-d"/>
      </object_component>
      <object_component id="oc-40b">
         <name>.text:PowerCC32XX_sleepPolicy</name>
         <load_address>0x2000db64</load_address>
         <run_address>0x2000db64</run_address>
         <size>0x19c</size>
         <input_file_ref idref="fl-1c"/>
      </object_component>
      <object_component id="oc-15f">
         <name>.text:mainThread</name>
         <load_address>0x2000dd00</load_address>
         <run_address>0x2000dd00</run_address>
         <size>0x178</size>
         <input_file_ref idref="fl-1"/>
      </object_component>
      <object_component id="oc-4d9">
         <name>.text:I2CCC32XX_hwiFxn</name>
         <load_address>0x2000de78</load_address>
         <run_address>0x2000de78</run_address>
         <size>0x148</size>
         <input_file_ref idref="fl-11"/>
      </object_component>
      <object_component id="oc-744">
         <name>.text:parkPins</name>
         <load_address>0x2000dfc0</load_address>
         <run_address>0x2000dfc0</run_address>
         <size>0x148</size>
         <input_file_ref idref="fl-12"/>
      </object_component>
      <object_component id="oc-526">
         <name>.text:_pconv_e</name>
         <load_address>0x2000e108</load_address>
         <run_address>0x2000e108</run_address>
         <size>0x13c</size>
         <input_file_ref idref="fl-ea"/>
      </object_component>
      <object_component id="oc-5a8">
         <name>.text:Power_sleep</name>
         <load_address>0x2000e244</load_address>
         <run_address>0x2000e244</run_address>
         <size>0x138</size>
         <input_file_ref idref="fl-12"/>
      </object_component>
      <object_component id="oc-6b9">
         <name>.text</name>
         <load_address>0x2000e37c</load_address>
         <run_address>0x2000e37c</run_address>
         <size>0x136</size>
         <input_file_ref idref="fl-ee"/>
      </object_component>
      <object_component id="oc-405">
         <name>.text:PowerCC32XX_initPolicy</name>
         <load_address>0x2000e4b2</load_address>
         <run_address>0x2000e4b2</run_address>
         <size>0x2</size>
         <input_file_ref idref="fl-1c"/>
      </object_component>
      <object_component id="oc-84c">
         <name>.text:TimerCC32XX_open</name>
         <load_address>0x2000e4b4</load_address>
         <run_address>0x2000e4b4</run_address>
         <size>0x128</size>
         <input_file_ref idref="fl-14"/>
      </object_component>
      <object_component id="oc-4e7">
         <name>.text:I2C_transferTimeout</name>
         <load_address>0x2000e5dc</load_address>
         <run_address>0x2000e5dc</run_address>
         <size>0x122</size>
         <input_file_ref idref="fl-d"/>
      </object_component>
      <object_component id="oc-846">
         <name>.text:TimerCC32XX_init</name>
         <load_address>0x2000e6fe</load_address>
         <run_address>0x2000e6fe</run_address>
         <size>0x2</size>
         <input_file_ref idref="fl-14"/>
      </object_component>
      <object_component id="oc-79d">
         <name>.text:UARTCC32XX_close</name>
         <load_address>0x2000e700</load_address>
         <run_address>0x2000e700</run_address>
         <size>0x120</size>
         <input_file_ref idref="fl-15"/>
      </object_component>
      <object_component id="oc-6e5">
         <name>.text:fcvt</name>
         <load_address>0x2000e820</load_address>
         <run_address>0x2000e820</run_address>
         <size>0x120</size>
         <input_file_ref idref="fl-ea"/>
      </object_component>
      <object_component id="oc-20b">
         <name>.text:readTemp</name>
         <load_address>0x2000e940</load_address>
         <run_address>0x2000e940</run_address>
         <size>0x120</size>
         <input_file_ref idref="fl-1"/>
      </object_component>
      <object_component id="oc-607">
         <name>.text:aligned_alloc</name>
         <load_address>0x2000ea60</load_address>
         <run_address>0x2000ea60</run_address>
         <size>0x100</size>
         <input_file_ref idref="fl-e8"/>
      </object_component>
      <object_component id="oc-35d">
         <name>.text:I2C_open</name>
         <load_address>0x2000eb60</load_address>
         <run_address>0x2000eb60</run_address>
         <size>0xfc</size>
         <input_file_ref idref="fl-11"/>
      </object_component>
      <object_component id="oc-6b4">
         <name>.text</name>
         <load_address>0x2000ec5c</load_address>
         <run_address>0x2000ec5c</run_address>
         <size>0xfc</size>
         <input_file_ref idref="fl-ef"/>
      </object_component>
      <object_component id="oc-7a3">
         <name>.text:UARTCC32XX_control</name>
         <load_address>0x2000ed58</load_address>
         <run_address>0x2000ed58</run_address>
         <size>0xf2</size>
         <input_file_ref idref="fl-15"/>
      </object_component>
      <object_component id="oc-7a9">
         <name>.text:UARTCC32XX_init</name>
         <load_address>0x2000ee4a</load_address>
         <run_address>0x2000ee4a</run_address>
         <size>0x2</size>
         <input_file_ref idref="fl-15"/>
      </object_component>
      <object_component id="oc-427">
         <name>.text:free</name>
         <load_address>0x2000ee4c</load_address>
         <run_address>0x2000ee4c</run_address>
         <size>0xe4</size>
         <input_file_ref idref="fl-e8"/>
      </object_component>
      <object_component id="oc-6f9">
         <name>.text:scalbn</name>
         <load_address>0x2000ef30</load_address>
         <run_address>0x2000ef30</run_address>
         <size>0xd0</size>
         <input_file_ref idref="fl-101"/>
      </object_component>
      <object_component id="oc-7c7">
         <name>.text:UARTCC32XX_write</name>
         <load_address>0x2000f000</load_address>
         <run_address>0x2000f000</run_address>
         <size>0xca</size>
         <input_file_ref idref="fl-15"/>
      </object_component>
      <object_component id="oc-3cd">
         <name>.text:_nop</name>
         <load_address>0x2000f0ca</load_address>
         <run_address>0x2000f0ca</run_address>
         <size>0x2</size>
         <input_file_ref idref="fl-f7"/>
      </object_component>
      <object_component id="oc-1e1">
         <name>.text:GPIO_init</name>
         <load_address>0x2000f0cc</load_address>
         <run_address>0x2000f0cc</run_address>
         <size>0xc4</size>
         <input_file_ref idref="fl-10"/>
      </object_component>
      <object_component id="oc-761">
         <name>.text:restoreParkedPins</name>
         <load_address>0x2000f190</load_address>
         <run_address>0x2000f190</run_address>
         <size>0xc0</size>
         <input_file_ref idref="fl-12"/>
      </object_component>
      <object_component id="oc-7bb">
         <name>.text:UARTCC32XX_readPolling</name>
         <load_address>0x2000f250</load_address>
         <run_address>0x2000f250</run_address>
         <size>0xba</size>
         <input_file_ref idref="fl-15"/>
      </object_component>
      <object_component id="oc-73">
         <name>.text:busFaultHandler</name>
         <load_address>0x2000f30a</load_address>
         <run_address>0x2000f30a</run_address>
         <size>0x2</size>
         <input_file_ref idref="fl-1d"/>
      </object_component>
      <object_component id="oc-943">
         <name>.text:initHw</name>
         <load_address>0x2000f30c</load_address>
         <run_address>0x2000f30c</run_address>
         <size>0xb8</size>
         <input_file_ref idref="fl-15"/>
      </object_component>
      <object_component id="oc-a44">
         <name>.text:readTaskCallback</name>
         <load_address>0x2000f3c4</load_address>
         <run_address>0x2000f3c4</run_address>
         <size>0xb6</size>
         <input_file_ref idref="fl-15"/>
      </object_component>
      <object_component id="oc-668">
         <name>.text:I2CCC32XX_completeTransfer</name>
         <load_address>0x2000f47a</load_address>
         <run_address>0x2000f47a</run_address>
         <size>0xb2</size>
         <input_file_ref idref="fl-11"/>
      </object_component>
      <object_component id="oc-50f">
         <name>.text:_ltostr</name>
         <load_address>0x2000f52c</load_address>
         <run_address>0x2000f52c</run_address>
         <size>0xb1</size>
         <input_file_ref idref="fl-ea"/>
      </object_component>
      <object_component id="oc-a32">
         <name>.text:readTaskBlocking</name>
         <load_address>0x2000f5de</load_address>
         <run_address>0x2000f5de</run_address>
         <size>0xb0</size>
         <input_file_ref idref="fl-15"/>
      </object_component>
      <object_component id="oc-a38">
         <name>.text:readIsrTextBlocking</name>
         <load_address>0x2000f68e</load_address>
         <run_address>0x2000f68e</run_address>
         <size>0xae</size>
         <input_file_ref idref="fl-15"/>
      </object_component>
      <object_component id="oc-656">
         <name>.text:I2CCC32XX_primeWriteBurst</name>
         <load_address>0x2000f73c</load_address>
         <run_address>0x2000f73c</run_address>
         <size>0xa8</size>
         <input_file_ref idref="fl-11"/>
      </object_component>
      <object_component id="oc-b5">
         <name>.text:IntEnable</name>
         <load_address>0x2000f7e4</load_address>
         <run_address>0x2000f7e4</run_address>
         <size>0xa8</size>
         <input_file_ref idref="fl-22"/>
      </object_component>
      <object_component id="oc-2b8">
         <name>.text:PowerCC32XX_configureWakeup</name>
         <load_address>0x2000f88c</load_address>
         <run_address>0x2000f88c</run_address>
         <size>0xa8</size>
         <input_file_ref idref="fl-12"/>
      </object_component>
      <object_component id="oc-a4a">
         <name>.text:readIsrTextCallback</name>
         <load_address>0x2000f934</load_address>
         <run_address>0x2000f934</run_address>
         <size>0xa2</size>
         <input_file_ref idref="fl-15"/>
      </object_component>
      <object_component id="oc-97a">
         <name>.text:writeData</name>
         <load_address>0x2000f9d6</load_address>
         <run_address>0x2000f9d6</run_address>
         <size>0xa2</size>
         <input_file_ref idref="fl-15"/>
      </object_component>
      <object_component id="oc-2de">
         <name>.text:SemaphoreP_pend</name>
         <load_address>0x2000fa78</load_address>
         <run_address>0x2000fa78</run_address>
         <size>0xa0</size>
         <input_file_ref idref="fl-19"/>
      </object_component>
      <object_component id="oc-4c7">
         <name>.text:I2CCC32XX_initHw</name>
         <load_address>0x2000fb18</load_address>
         <run_address>0x2000fb18</run_address>
         <size>0x9c</size>
         <input_file_ref idref="fl-11"/>
      </object_component>
      <object_component id="oc-3b">
         <name>.text</name>
         <load_address>0x2000fbb4</load_address>
         <run_address>0x2000fbb4</run_address>
         <size>0x9c</size>
         <input_file_ref idref="fl-e3"/>
      </object_component>
      <object_component id="oc-2fa">
         <name>.text:powerNotifyFxn</name>
         <load_address>0x2000fc50</load_address>
         <run_address>0x2000fc50</run_address>
         <size>0x98</size>
         <input_file_ref idref="fl-10"/>
      </object_component>
      <object_component id="oc-5a3">
         <name>.text</name>
         <load_address>0x2000fce8</load_address>
         <run_address>0x2000fce8</run_address>
         <size>0x96</size>
         <input_file_ref idref="fl-e4"/>
      </object_component>
      <object_component id="oc-44c">
         <name>.text:clkFxn</name>
         <load_address>0x2000fd7e</load_address>
         <run_address>0x2000fd7e</run_address>
         <size>0x2</size>
         <input_file_ref idref="fl-19"/>
      </object_component>
      <object_component id="oc-755">
         <name>.text:restoreNVICRegs</name>
         <load_address>0x2000fd80</load_address>
         <run_address>0x2000fd80</run_address>
         <size>0x90</size>
         <input_file_ref idref="fl-12"/>
      </object_component>
      <object_component id="oc-488">
         <name>.text:HwiP_construct</name>
         <load_address>0x2000fe10</load_address>
         <run_address>0x2000fe10</run_address>
         <size>0x8c</size>
         <input_file_ref idref="fl-1b"/>
      </object_component>
      <object_component id="oc-8eb">
         <name>.text:IntPendSet</name>
         <load_address>0x2000fe9c</load_address>
         <run_address>0x2000fe9c</run_address>
         <size>0x88</size>
         <input_file_ref idref="fl-22"/>
      </object_component>
      <object_component id="oc-304">
         <name>.text:PinConfigSet</name>
         <load_address>0x2000ff24</load_address>
         <run_address>0x2000ff24</run_address>
         <size>0x88</size>
         <input_file_ref idref="fl-23"/>
      </object_component>
      <object_component id="oc-852">
         <name>.text:TimerCC32XX_setPeriod</name>
         <load_address>0x2000ffac</load_address>
         <run_address>0x2000ffac</run_address>
         <size>0x88</size>
         <input_file_ref idref="fl-14"/>
      </object_component>
      <object_component id="oc-515">
         <name>.text:__aeabi_cdcmple</name>
         <load_address>0x20010034</load_address>
         <run_address>0x20010034</run_address>
         <size>0x86</size>
         <input_file_ref idref="fl-ed"/>
      </object_component>
      <object_component id="oc-6be">
         <name>.text:__aeabi_cdrcmple</name>
         <load_address>0x200100ba</load_address>
         <run_address>0x200100ba</run_address>
         <size>0x86</size>
         <input_file_ref idref="fl-ed"/>
      </object_component>
      <object_component id="oc-1d3">
         <name>.text:Power_init</name>
         <load_address>0x20010140</load_address>
         <run_address>0x20010140</run_address>
         <size>0x84</size>
         <input_file_ref idref="fl-12"/>
      </object_component>
      <object_component id="oc-74a">
         <name>.text:saveNVICRegs</name>
         <load_address>0x200101c4</load_address>
         <run_address>0x200101c4</run_address>
         <size>0x84</size>
         <input_file_ref idref="fl-12"/>
      </object_component>
      <object_component id="oc-30a">
         <name>.text:Power_setDependency</name>
         <load_address>0x20010248</load_address>
         <run_address>0x20010248</run_address>
         <size>0x80</size>
         <input_file_ref idref="fl-12"/>
      </object_component>
      <object_component id="oc-a2c">
         <name>.text:readIsrBinaryBlocking</name>
         <load_address>0x200102c8</load_address>
         <run_address>0x200102c8</run_address>
         <size>0x7c</size>
         <input_file_ref idref="fl-15"/>
      </object_component>
      <object_component id="oc-650">
         <name>.text:I2CCC32XX_primeReadBurst</name>
         <load_address>0x20010344</load_address>
         <run_address>0x20010344</run_address>
         <size>0x7a</size>
         <input_file_ref idref="fl-11"/>
      </object_component>
      <object_component id="oc-396">
         <name>.text</name>
         <load_address>0x200103be</load_address>
         <run_address>0x200103be</run_address>
         <size>0x7a</size>
         <input_file_ref idref="fl-df"/>
      </object_component>
      <object_component id="oc-9d">
         <name>.text</name>
         <load_address>0x20010438</load_address>
         <run_address>0x20010438</run_address>
         <size>0x7a</size>
         <input_file_ref idref="fl-f2"/>
      </object_component>
      <object_component id="oc-6d">
         <name>.text:defaultHandler</name>
         <load_address>0x200104b2</load_address>
         <run_address>0x200104b2</run_address>
         <size>0x2</size>
         <input_file_ref idref="fl-1d"/>
      </object_component>
      <object_component id="oc-32e">
         <name>.text:GPIO_hwiIntFxn</name>
         <load_address>0x200104b4</load_address>
         <run_address>0x200104b4</run_address>
         <size>0x78</size>
         <input_file_ref idref="fl-10"/>
      </object_component>
      <object_component id="oc-858">
         <name>.text:TimerCC32XX_start</name>
         <load_address>0x2001052c</load_address>
         <run_address>0x2001052c</run_address>
         <size>0x78</size>
         <input_file_ref idref="fl-14"/>
      </object_component>
      <object_component id="oc-a3e">
         <name>.text:readIsrBinaryCallback</name>
         <load_address>0x200105a4</load_address>
         <run_address>0x200105a4</run_address>
         <size>0x78</size>
         <input_file_ref idref="fl-15"/>
      </object_component>
      <object_component id="oc-952">
         <name>.text:UARTCC32XX_hwiIntFxn</name>
         <load_address>0x2001061c</load_address>
         <run_address>0x2001061c</run_address>
         <size>0x74</size>
         <input_file_ref idref="fl-15"/>
      </object_component>
      <object_component id="oc-791">
         <name>.text:split</name>
         <load_address>0x20010690</load_address>
         <run_address>0x20010690</run_address>
         <size>0x70</size>
         <input_file_ref idref="fl-e8"/>
      </object_component>
      <object_component id="oc-6de">
         <name>.text:_mcpy</name>
         <load_address>0x20010700</load_address>
         <run_address>0x20010700</run_address>
         <size>0x6e</size>
         <input_file_ref idref="fl-ea"/>
      </object_component>
      <object_component id="oc-683">
         <name>.text:I2CSupport_primeTransfer</name>
         <load_address>0x2001076e</load_address>
         <run_address>0x2001076e</run_address>
         <size>0x6a</size>
         <input_file_ref idref="fl-11"/>
      </object_component>
      <object_component id="oc-14">
         <name>.text:decompress:lzss:__TI_decompress_lzss</name>
         <load_address>0x200107d8</load_address>
         <run_address>0x200107d8</run_address>
         <size>0x68</size>
         <input_file_ref idref="fl-e7"/>
      </object_component>
      <object_component id="oc-7d3">
         <name>.text:UARTCC32XX_writeCancel</name>
         <load_address>0x20010840</load_address>
         <run_address>0x20010840</run_address>
         <size>0x66</size>
         <input_file_ref idref="fl-15"/>
      </object_component>
      <object_component id="oc-67">
         <name>.text:faultISR</name>
         <load_address>0x200108a6</load_address>
         <run_address>0x200108a6</run_address>
         <size>0x2</size>
         <input_file_ref idref="fl-1d"/>
      </object_component>
      <object_component id="oc-476">
         <name>.text:PowerCC32XX_setParkState</name>
         <load_address>0x200108a8</load_address>
         <run_address>0x200108a8</run_address>
         <size>0x64</size>
         <input_file_ref idref="fl-12"/>
      </object_component>
      <object_component id="oc-7cd">
         <name>.text:UARTCC32XX_writePolling</name>
         <load_address>0x2001090c</load_address>
         <run_address>0x2001090c</run_address>
         <size>0x62</size>
         <input_file_ref idref="fl-15"/>
      </object_component>
      <object_component id="oc-61">
         <name>.text:nmiISR</name>
         <load_address>0x2001096e</load_address>
         <run_address>0x2001096e</run_address>
         <size>0x2</size>
         <input_file_ref idref="fl-1d"/>
      </object_component>
      <object_component id="oc-286">
         <name>.text:PRCMSysResetCauseGet</name>
         <load_address>0x20010970</load_address>
         <run_address>0x20010970</run_address>
         <size>0x60</size>
         <input_file_ref idref="fl-24"/>
      </object_component>
      <object_component id="oc-1ed">
         <name>.text:GPIO_setCallback</name>
         <load_address>0x200109d0</load_address>
         <run_address>0x200109d0</run_address>
         <size>0x5c</size>
         <input_file_ref idref="fl-10"/>
      </object_component>
      <object_component id="oc-6f3">
         <name>.text:frexp</name>
         <load_address>0x20010a2c</load_address>
         <run_address>0x20010a2c</run_address>
         <size>0x5c</size>
         <input_file_ref idref="fl-100"/>
      </object_component>
      <object_component id="oc-8ab">
         <name>.text:sysTickInit</name>
         <load_address>0x20010a88</load_address>
         <run_address>0x20010a88</run_address>
         <size>0x5c</size>
         <input_file_ref idref="fl-1a"/>
      </object_component>
      <object_component id="oc-211">
         <name>.text:GPIO_write</name>
         <load_address>0x20010ae4</load_address>
         <run_address>0x20010ae4</run_address>
         <size>0x58</size>
         <input_file_ref idref="fl-10"/>
      </object_component>
      <object_component id="oc-29f">
         <name>.text:PRCMPeripheralReset</name>
         <load_address>0x20010b3c</load_address>
         <run_address>0x20010b3c</run_address>
         <size>0x58</size>
         <input_file_ref idref="fl-24"/>
      </object_component>
      <object_component id="oc-90a">
         <name>.text:Power_releaseDependency</name>
         <load_address>0x20010b94</load_address>
         <run_address>0x20010b94</run_address>
         <size>0x58</size>
         <input_file_ref idref="fl-12"/>
      </object_component>
      <object_component id="oc-85e">
         <name>.text:TimerCC32XX_stop</name>
         <load_address>0x20010bec</load_address>
         <run_address>0x20010bec</run_address>
         <size>0x56</size>
         <input_file_ref idref="fl-14"/>
      </object_component>
      <object_component id="oc-520">
         <name>.text:_pconv_f</name>
         <load_address>0x20010c42</load_address>
         <run_address>0x20010c42</run_address>
         <size>0x56</size>
         <input_file_ref idref="fl-ea"/>
      </object_component>
      <object_component id="oc-6c8">
         <name>.text:__TI_ltoa</name>
         <load_address>0x20010c98</load_address>
         <run_address>0x20010c98</run_address>
         <size>0x54</size>
         <input_file_ref idref="fl-f8"/>
      </object_component>
      <object_component id="oc-205">
         <name>.text:initTimer</name>
         <load_address>0x20010cec</load_address>
         <run_address>0x20010cec</run_address>
         <size>0x54</size>
         <input_file_ref idref="fl-1"/>
      </object_component>
      <object_component id="oc-aa9">
         <name>.text:ringBufGet</name>
         <load_address>0x20010d40</load_address>
         <run_address>0x20010d40</run_address>
         <size>0x54</size>
         <input_file_ref idref="fl-15"/>
      </object_component>
      <object_component id="oc-8c8">
         <name>.text:PowerCC32XX_resumeLPDS</name>
         <load_address>0x20010d94</load_address>
         <run_address>0x20010d94</run_address>
         <size>0x52</size>
         <input_file_ref idref="fl-13"/>
      </object_component>
      <object_component id="oc-6d8">
         <name>.text:_ecpy</name>
         <load_address>0x20010de6</load_address>
         <run_address>0x20010de6</run_address>
         <size>0x52</size>
         <input_file_ref idref="fl-ea"/>
      </object_component>
      <object_component id="oc-9a9">
         <name>.text:initHw</name>
         <load_address>0x20010e38</load_address>
         <run_address>0x20010e38</run_address>
         <size>0x52</size>
         <input_file_ref idref="fl-14"/>
      </object_component>
      <object_component id="oc-738">
         <name>.text</name>
         <load_address>0x20010e8a</load_address>
         <run_address>0x20010e8a</run_address>
         <size>0x2</size>
         <input_file_ref idref="fl-eb"/>
      </object_component>
      <object_component id="oc-79">
         <name>.text:ClockP_sysTickHandler</name>
         <load_address>0x20010e8c</load_address>
         <run_address>0x20010e8c</run_address>
         <size>0x50</size>
         <input_file_ref idref="fl-1a"/>
      </object_component>
      <object_component id="oc-5c9">
         <name>.text:SemaphoreP_construct</name>
         <load_address>0x20010edc</load_address>
         <run_address>0x20010edc</run_address>
         <size>0x50</size>
         <input_file_ref idref="fl-19"/>
      </object_component>
      <object_component id="oc-99d">
         <name>.text:TimerCC32XX_allocateTimerResource</name>
         <load_address>0x20010f2c</load_address>
         <run_address>0x20010f2c</run_address>
         <size>0x50</size>
         <input_file_ref idref="fl-14"/>
      </object_component>
      <object_component id="oc-1f3">
         <name>.text:GPIO_enableInt</name>
         <load_address>0x20010f7c</load_address>
         <run_address>0x20010f7c</run_address>
         <size>0x4c</size>
         <input_file_ref idref="fl-10"/>
      </object_component>
      <object_component id="oc-644">
         <name>.text:I2CCC32XX_readRecieveFifo</name>
         <load_address>0x20010fc8</load_address>
         <run_address>0x20010fc8</run_address>
         <size>0x4c</size>
         <input_file_ref idref="fl-11"/>
      </object_component>
      <object_component id="oc-8bf">
         <name>.text:PowerCC32XX_parkPin</name>
         <load_address>0x20011014</load_address>
         <run_address>0x20011014</run_address>
         <size>0x4c</size>
         <input_file_ref idref="fl-12"/>
      </object_component>
      <object_component id="oc-509">
         <name>.text:atoi</name>
         <load_address>0x20011060</load_address>
         <run_address>0x20011060</run_address>
         <size>0x4c</size>
         <input_file_ref idref="fl-fa"/>
      </object_component>
      <object_component id="oc-75b">
         <name>.text:restorePeriphClocks</name>
         <load_address>0x200110ac</load_address>
         <run_address>0x200110ac</run_address>
         <size>0x4c</size>
         <input_file_ref idref="fl-12"/>
      </object_component>
      <object_component id="oc-217">
         <name>.text:snprintf</name>
         <load_address>0x200110f8</load_address>
         <run_address>0x200110f8</run_address>
         <size>0x4c</size>
         <input_file_ref idref="fl-de"/>
      </object_component>
      <object_component id="oc-8e3">
         <name>.text:FlashDisable</name>
         <load_address>0x20011144</load_address>
         <run_address>0x20011144</run_address>
         <size>0x48</size>
         <input_file_ref idref="fl-28"/>
      </object_component>
      <object_component id="oc-767">
         <name>.text:PRCMLPDSEnter</name>
         <load_address>0x2001118c</load_address>
         <run_address>0x2001118c</run_address>
         <size>0x48</size>
         <input_file_ref idref="fl-24"/>
      </object_component>
      <object_component id="oc-299">
         <name>.text:PRCMPeripheralClkEnable</name>
         <load_address>0x200111d4</load_address>
         <run_address>0x200111d4</run_address>
         <size>0x48</size>
         <input_file_ref idref="fl-24"/>
      </object_component>
      <object_component id="oc-809">
         <name>.text:Power_releaseConstraint</name>
         <load_address>0x2001121c</load_address>
         <run_address>0x2001121c</run_address>
         <size>0x48</size>
         <input_file_ref idref="fl-12"/>
      </object_component>
      <object_component id="oc-6c3">
         <name>.text</name>
         <load_address>0x20011264</load_address>
         <run_address>0x20011264</run_address>
         <size>0x48</size>
         <input_file_ref idref="fl-f0"/>
      </object_component>
      <object_component id="oc-a96">
         <name>.text:RingBuf_put</name>
         <load_address>0x200112ac</load_address>
         <run_address>0x200112ac</run_address>
         <size>0x46</size>
         <input_file_ref idref="fl-17"/>
      </object_component>
      <object_component id="oc-9a3">
         <name>.text:getPrescaler</name>
         <load_address>0x200112f2</load_address>
         <run_address>0x200112f2</run_address>
         <size>0x46</size>
         <input_file_ref idref="fl-14"/>
      </object_component>
      <object_component id="oc-5f1">
         <name>.text:ClockP_stop</name>
         <load_address>0x20011338</load_address>
         <run_address>0x20011338</run_address>
         <size>0x44</size>
         <input_file_ref idref="fl-1a"/>
      </object_component>
      <object_component id="oc-8cd">
         <name>.text:PRCMLPDSRestoreInfoSet</name>
         <load_address>0x2001137c</load_address>
         <run_address>0x2001137c</run_address>
         <size>0x44</size>
         <input_file_ref idref="fl-24"/>
      </object_component>
      <object_component id="oc-750">
         <name>.text:PowerCC32XX_enterLPDS</name>
         <load_address>0x200113c0</load_address>
         <run_address>0x200113c0</run_address>
         <size>0x44</size>
         <input_file_ref idref="fl-13"/>
      </object_component>
      <object_component id="oc-2ea">
         <name>.text:SemaphoreP_post</name>
         <load_address>0x20011404</load_address>
         <run_address>0x20011404</run_address>
         <size>0x44</size>
         <input_file_ref idref="fl-19"/>
      </object_component>
      <object_component id="oc-5b9">
         <name>.text:SwiP_restore</name>
         <load_address>0x20011448</load_address>
         <run_address>0x20011448</run_address>
         <size>0x44</size>
         <input_file_ref idref="fl-1e"/>
      </object_component>
      <object_component id="oc-371">
         <name>.text:Timer_init</name>
         <load_address>0x2001148c</load_address>
         <run_address>0x2001148c</run_address>
         <size>0x44</size>
         <input_file_ref idref="fl-e"/>
      </object_component>
      <object_component id="oc-33e">
         <name>.text:UART_init</name>
         <load_address>0x200114d0</load_address>
         <run_address>0x200114d0</run_address>
         <size>0x44</size>
         <input_file_ref idref="fl-f"/>
      </object_component>
      <object_component id="oc-172">
         <name>.text:__TI_auto_init_nobinit_nopinit:__TI_auto_init_nobinit_nopinit</name>
         <load_address>0x20011514</load_address>
         <run_address>0x20011514</run_address>
         <size>0x44</size>
         <input_file_ref idref="fl-f3"/>
      </object_component>
      <object_component id="oc-1f9">
         <name>.text:initUART</name>
         <load_address>0x20011558</load_address>
         <run_address>0x20011558</run_address>
         <size>0x44</size>
         <input_file_ref idref="fl-1"/>
      </object_component>
      <object_component id="oc-a1b">
         <name>.text:ClockP_construct</name>
         <load_address>0x2001159c</load_address>
         <run_address>0x2001159c</run_address>
         <size>0x40</size>
         <input_file_ref idref="fl-1a"/>
      </object_component>
      <object_component id="oc-2b1">
         <name>.text:PinModeSet</name>
         <load_address>0x200115dc</load_address>
         <run_address>0x200115dc</run_address>
         <size>0x40</size>
         <input_file_ref idref="fl-23"/>
      </object_component>
      <object_component id="oc-96c">
         <name>.text:RingBuf_get</name>
         <load_address>0x2001161c</load_address>
         <run_address>0x2001161c</run_address>
         <size>0x40</size>
         <input_file_ref idref="fl-17"/>
      </object_component>
      <object_component id="oc-37d">
         <name>.text:Timer_open</name>
         <load_address>0x2001165c</load_address>
         <run_address>0x2001165c</run_address>
         <size>0x40</size>
         <input_file_ref idref="fl-e"/>
      </object_component>
      <object_component id="oc-7b5">
         <name>.text:UARTCC32XX_read</name>
         <load_address>0x2001169c</load_address>
         <run_address>0x2001169c</run_address>
         <size>0x40</size>
         <input_file_ref idref="fl-15"/>
      </object_component>
      <object_component id="oc-34a">
         <name>.text:UART_open</name>
         <load_address>0x200116dc</load_address>
         <run_address>0x200116dc</run_address>
         <size>0x40</size>
         <input_file_ref idref="fl-f"/>
      </object_component>
      <object_component id="oc-6eb">
         <name>.text:_fcpy</name>
         <load_address>0x2001171c</load_address>
         <run_address>0x2001171c</run_address>
         <size>0x3e</size>
         <input_file_ref idref="fl-ea"/>
      </object_component>
      <object_component id="oc-446">
         <name>.text:ClockP_destruct</name>
         <load_address>0x2001175c</load_address>
         <run_address>0x2001175c</run_address>
         <size>0x3c</size>
         <input_file_ref idref="fl-1a"/>
      </object_component>
      <object_component id="oc-810">
         <name>.text:Power_setConstraint</name>
         <load_address>0x20011798</load_address>
         <run_address>0x20011798</run_address>
         <size>0x3c</size>
         <input_file_ref idref="fl-12"/>
      </object_component>
      <object_component id="oc-834">
         <name>.text:TimerCC32XX_close</name>
         <load_address>0x200117d4</load_address>
         <run_address>0x200117d4</run_address>
         <size>0x3a</size>
         <input_file_ref idref="fl-14"/>
      </object_component>
      <object_component id="oc-59d">
         <name>.text:getCountsRTC</name>
         <load_address>0x2001180e</load_address>
         <run_address>0x2001180e</run_address>
         <size>0x3a</size>
         <input_file_ref idref="fl-1c"/>
      </object_component>
      <object_component id="oc-76d">
         <name>.text:PRCMLPDSEnterKeepDebugIf</name>
         <load_address>0x20011848</load_address>
         <run_address>0x20011848</run_address>
         <size>0x38</size>
         <input_file_ref idref="fl-24"/>
      </object_component>
      <object_component id="oc-9b5">
         <name>.text:TimerCC32XX_hwiIntFunction</name>
         <load_address>0x20011880</load_address>
         <run_address>0x20011880</run_address>
         <size>0x38</size>
         <input_file_ref idref="fl-14"/>
      </object_component>
      <object_component id="oc-db">
         <name>.text:addToList</name>
         <load_address>0x200118b8</load_address>
         <run_address>0x200118b8</run_address>
         <size>0x38</size>
         <input_file_ref idref="fl-1a"/>
      </object_component>
      <object_component id="oc-59">
         <name>.text:initVectors</name>
         <load_address>0x200118f0</load_address>
         <run_address>0x200118f0</run_address>
         <size>0x38</size>
         <input_file_ref idref="fl-1d"/>
      </object_component>
      <object_component id="oc-73e">
         <name>.text:notify</name>
         <load_address>0x20011928</load_address>
         <run_address>0x20011928</run_address>
         <size>0x38</size>
         <input_file_ref idref="fl-12"/>
      </object_component>
      <object_component id="oc-39b">
         <name>.text</name>
         <load_address>0x20011960</load_address>
         <run_address>0x20011960</run_address>
         <size>0x38</size>
         <input_file_ref idref="fl-e0"/>
      </object_component>
      <object_component id="oc-391">
         <name>.text</name>
         <load_address>0x20011998</load_address>
         <run_address>0x20011998</run_address>
         <size>0x38</size>
         <input_file_ref idref="fl-e1"/>
      </object_component>
      <object_component id="oc-a74">
         <name>.text:TimerControlStall</name>
         <load_address>0x200119d0</load_address>
         <run_address>0x200119d0</run_address>
         <size>0x36</size>
         <input_file_ref idref="fl-25"/>
      </object_component>
      <object_component id="oc-7c1">
         <name>.text:UARTCC32XX_readCancel</name>
         <load_address>0x20011a06</load_address>
         <run_address>0x20011a06</run_address>
         <size>0x36</size>
         <input_file_ref idref="fl-15"/>
      </object_component>
      <object_component id="oc-58b">
         <name>.text:ClockP_getTicksUntilInterrupt</name>
         <load_address>0x20011a3c</load_address>
         <run_address>0x20011a3c</run_address>
         <size>0x34</size>
         <input_file_ref idref="fl-1a"/>
      </object_component>
      <object_component id="oc-72f">
         <name>.text:ClockP_startup</name>
         <load_address>0x20011a70</load_address>
         <run_address>0x20011a70</run_address>
         <size>0x34</size>
         <input_file_ref idref="fl-1a"/>
      </object_component>
      <object_component id="oc-2ab">
         <name>.text:PinModeGet</name>
         <load_address>0x20011aa4</load_address>
         <run_address>0x20011aa4</run_address>
         <size>0x34</size>
         <input_file_ref idref="fl-23"/>
      </object_component>
      <object_component id="oc-910">
         <name>.text:PowerCC32XX_restoreParkState</name>
         <load_address>0x20011ad8</load_address>
         <run_address>0x20011ad8</run_address>
         <size>0x34</size>
         <input_file_ref idref="fl-12"/>
      </object_component>
      <object_component id="oc-993">
         <name>.text:TimerCC32XX_freeTimerResource</name>
         <load_address>0x20011b0c</load_address>
         <run_address>0x20011b0c</run_address>
         <size>0x34</size>
         <input_file_ref idref="fl-14"/>
      </object_component>
      <object_component id="oc-a68">
         <name>.text:getPowerMgrId</name>
         <load_address>0x20011b40</load_address>
         <run_address>0x20011b40</run_address>
         <size>0x34</size>
         <input_file_ref idref="fl-14"/>
      </object_component>
      <object_component id="oc-434">
         <name>.text:ClockP_start</name>
         <load_address>0x20011b74</load_address>
         <run_address>0x20011b74</run_address>
         <size>0x30</size>
         <input_file_ref idref="fl-1a"/>
      </object_component>
      <object_component id="oc-8dc">
         <name>.text:PowerCC32XX_restoreParkedPin</name>
         <load_address>0x20011ba4</load_address>
         <run_address>0x20011ba4</run_address>
         <size>0x30</size>
         <input_file_ref idref="fl-12"/>
      </object_component>
      <object_component id="oc-3a8">
         <name>.text:_outs</name>
         <load_address>0x20011bd4</load_address>
         <run_address>0x20011bd4</run_address>
         <size>0x30</size>
         <input_file_ref idref="fl-de"/>
      </object_component>
      <object_component id="oc-6ce">
         <name>.text</name>
         <load_address>0x20011c04</load_address>
         <run_address>0x20011c04</run_address>
         <size>0x2e</size>
         <input_file_ref idref="fl-f1"/>
      </object_component>
      <object_component id="oc-931">
         <name>.text:PowerCC32XX_getParkState</name>
         <load_address>0x20011c34</load_address>
         <run_address>0x20011c34</run_address>
         <size>0x2c</size>
         <input_file_ref idref="fl-12"/>
      </object_component>
      <object_component id="oc-316">
         <name>.text:HwiP_create</name>
         <load_address>0x20011c60</load_address>
         <run_address>0x20011c60</run_address>
         <size>0x2a</size>
         <input_file_ref idref="fl-1b"/>
      </object_component>
      <object_component id="oc-9c2">
         <name>.text:TimerLoadSet</name>
         <load_address>0x20011c8a</load_address>
         <run_address>0x20011c8a</run_address>
         <size>0x2a</size>
         <input_file_ref idref="fl-25"/>
      </object_component>
      <object_component id="oc-9bc">
         <name>.text:TimerPrescaleSet</name>
         <load_address>0x20011cb4</load_address>
         <run_address>0x20011cb4</run_address>
         <size>0x2a</size>
         <input_file_ref idref="fl-25"/>
      </object_component>
      <object_component id="oc-65c">
         <name>.text:I2CFIFODataPutNonBlocking</name>
         <load_address>0x20011cde</load_address>
         <run_address>0x20011cde</run_address>
         <size>0x28</size>
         <input_file_ref idref="fl-21"/>
      </object_component>
      <object_component id="oc-2a5">
         <name>.text:PRCMPeripheralClkDisable</name>
         <load_address>0x20011d08</load_address>
         <run_address>0x20011d08</run_address>
         <size>0x28</size>
         <input_file_ref idref="fl-24"/>
      </object_component>
      <object_component id="oc-2e4">
         <name>.text:Power_registerNotify</name>
         <load_address>0x20011d30</load_address>
         <run_address>0x20011d30</run_address>
         <size>0x28</size>
         <input_file_ref idref="fl-12"/>
      </object_component>
      <object_component id="oc-5e9">
         <name>.text:free_list_insert</name>
         <load_address>0x20011d58</load_address>
         <run_address>0x20011d58</run_address>
         <size>0x28</size>
         <input_file_ref idref="fl-e8"/>
      </object_component>
      <object_component id="oc-7e5">
         <name>.text:I2CFIFODataGetNonBlocking</name>
         <load_address>0x20011d80</load_address>
         <run_address>0x20011d80</run_address>
         <size>0x26</size>
         <input_file_ref idref="fl-21"/>
      </object_component>
      <object_component id="oc-68f">
         <name>.text:I2C_cancel</name>
         <load_address>0x20011da6</load_address>
         <run_address>0x20011da6</run_address>
         <size>0x26</size>
         <input_file_ref idref="fl-d"/>
      </object_component>
      <object_component id="oc-456">
         <name>.text:List_put</name>
         <load_address>0x20011dcc</load_address>
         <run_address>0x20011dcc</run_address>
         <size>0x26</size>
         <input_file_ref idref="fl-16"/>
      </object_component>
      <object_component id="oc-a0b">
         <name>.text:List_remove</name>
         <load_address>0x20011df2</load_address>
         <run_address>0x20011df2</run_address>
         <size>0x26</size>
         <input_file_ref idref="fl-16"/>
      </object_component>
      <object_component id="oc-611">
         <name>.text:HwiP_dispatch</name>
         <load_address>0x20011e18</load_address>
         <run_address>0x20011e18</run_address>
         <size>0x24</size>
         <input_file_ref idref="fl-1b"/>
      </object_component>
      <object_component id="oc-92b">
         <name>.text:PowerCC32XX_reset</name>
         <load_address>0x20011e3c</load_address>
         <run_address>0x20011e3c</run_address>
         <size>0x24</size>
         <input_file_ref idref="fl-12"/>
      </object_component>
      <object_component id="oc-c5">
         <name>.text:_c_int00_noargs:_c_int00_noargs</name>
         <load_address>0x20011e60</load_address>
         <run_address>0x20011e60</run_address>
         <size>0x24</size>
         <input_file_ref idref="fl-e9"/>
      </object_component>
      <object_component id="oc-7ed">
         <name>.text:I2CMasterSlaveAddrSet</name>
         <load_address>0x20011e84</load_address>
         <run_address>0x20011e84</run_address>
         <size>0x22</size>
         <input_file_ref idref="fl-21"/>
      </object_component>
      <object_component id="oc-a03">
         <name>.text:HwiP_destruct</name>
         <load_address>0x20011ea6</load_address>
         <run_address>0x20011ea6</run_address>
         <size>0x20</size>
         <input_file_ref idref="fl-1b"/>
      </object_component>
      <object_component id="oc-904">
         <name>.text:Power_unregisterNotify</name>
         <load_address>0x20011ec8</load_address>
         <run_address>0x20011ec8</run_address>
         <size>0x20</size>
         <input_file_ref idref="fl-12"/>
      </object_component>
      <object_component id="oc-917">
         <name>.text:RingBuf_peek</name>
         <load_address>0x20011ee8</load_address>
         <run_address>0x20011ee8</run_address>
         <size>0x20</size>
         <input_file_ref idref="fl-17"/>
      </object_component>
      <object_component id="oc-925">
         <name>.text:getPowerMgrId</name>
         <load_address>0x20011f08</load_address>
         <run_address>0x20011f08</run_address>
         <size>0x20</size>
         <input_file_ref idref="fl-15"/>
      </object_component>
      <object_component id="oc-638">
         <name>.text:I2CMasterIntStatusEx</name>
         <load_address>0x20011f28</load_address>
         <run_address>0x20011f28</run_address>
         <size>0x1e</size>
         <input_file_ref idref="fl-21"/>
      </object_component>
      <object_component id="oc-4c1">
         <name>.text:SemaphoreP_constructBinary</name>
         <load_address>0x20011f46</load_address>
         <run_address>0x20011f46</run_address>
         <size>0x1e</size>
         <input_file_ref idref="fl-19"/>
      </object_component>
      <object_component id="oc-9d6">
         <name>.text:TimerDisable</name>
         <load_address>0x20011f64</load_address>
         <run_address>0x20011f64</run_address>
         <size>0x1e</size>
         <input_file_ref idref="fl-25"/>
      </object_component>
      <object_component id="oc-9cf">
         <name>.text:TimerEnable</name>
         <load_address>0x20011f82</load_address>
         <run_address>0x20011f82</run_address>
         <size>0x1e</size>
         <input_file_ref idref="fl-25"/>
      </object_component>
      <object_component id="oc-8b9">
         <name>.text:PinToPadGet</name>
         <load_address>0x20011fa0</load_address>
         <run_address>0x20011fa0</run_address>
         <size>0x1c</size>
         <input_file_ref idref="fl-23"/>
      </object_component>
      <object_component id="oc-57f">
         <name>.text:SwiP_disable</name>
         <load_address>0x20011fbc</load_address>
         <run_address>0x20011fbc</run_address>
         <size>0x1c</size>
         <input_file_ref idref="fl-1e"/>
      </object_component>
      <object_component id="oc-47">
         <name>.text:decompress:ZI:__TI_zero_init_nomemset:__TI_zero_init_nomemset</name>
         <load_address>0x20011fd8</load_address>
         <run_address>0x20011fd8</run_address>
         <size>0x1c</size>
         <input_file_ref idref="fl-e5"/>
      </object_component>
      <object_component id="oc-5e3">
         <name>.text:free_list_remove</name>
         <load_address>0x20011ff4</load_address>
         <run_address>0x20011ff4</run_address>
         <size>0x1c</size>
         <input_file_ref idref="fl-e8"/>
      </object_component>
      <object_component id="oc-532">
         <name>.text:memccpy</name>
         <load_address>0x20012010</load_address>
         <run_address>0x20012010</run_address>
         <size>0x1c</size>
         <input_file_ref idref="fl-fc"/>
      </object_component>
      <object_component id="oc-93d">
         <name>.text:ClockP_create</name>
         <load_address>0x2001202c</load_address>
         <run_address>0x2001202c</run_address>
         <size>0x1a</size>
         <input_file_ref idref="fl-1a"/>
      </object_component>
      <object_component id="oc-2c6">
         <name>.text:SemaphoreP_createBinary</name>
         <load_address>0x20012046</load_address>
         <run_address>0x20012046</run_address>
         <size>0x1a</size>
         <input_file_ref idref="fl-19"/>
      </object_component>
      <object_component id="oc-21">
         <name>.text:resetISR</name>
         <load_address>0x20012060</load_address>
         <run_address>0x20012060</run_address>
         <size>0x1a</size>
         <input_file_ref idref="fl-1d"/>
      </object_component>
      <object_component id="oc-824">
         <name>.text:I2CMasterBusBusy</name>
         <load_address>0x2001207a</load_address>
         <run_address>0x2001207a</run_address>
         <size>0x18</size>
         <input_file_ref idref="fl-21"/>
      </object_component>
      <object_component id="oc-64a">
         <name>.text:I2CMasterIntDisableEx</name>
         <load_address>0x20012092</load_address>
         <run_address>0x20012092</run_address>
         <size>0x18</size>
         <input_file_ref idref="fl-21"/>
      </object_component>
      <object_component id="oc-7ff">
         <name>.text:I2CMasterIntEnableEx</name>
         <load_address>0x200120aa</load_address>
         <run_address>0x200120aa</run_address>
         <size>0x18</size>
         <input_file_ref idref="fl-21"/>
      </object_component>
      <object_component id="oc-81e">
         <name>.text:I2CRxFIFOFlush</name>
         <load_address>0x200120c2</load_address>
         <run_address>0x200120c2</run_address>
         <size>0x18</size>
         <input_file_ref idref="fl-21"/>
      </object_component>
      <object_component id="oc-818">
         <name>.text:I2CTxFIFOFlush</name>
         <load_address>0x200120da</load_address>
         <run_address>0x200120da</run_address>
         <size>0x18</size>
         <input_file_ref idref="fl-21"/>
      </object_component>
      <object_component id="oc-591">
         <name>.text:Power_getTransitionLatency</name>
         <load_address>0x200120f4</load_address>
         <run_address>0x200120f4</run_address>
         <size>0x18</size>
         <input_file_ref idref="fl-12"/>
      </object_component>
      <object_component id="oc-780">
         <name>.text:Power_idleFunc</name>
         <load_address>0x2001210c</load_address>
         <run_address>0x2001210c</run_address>
         <size>0x18</size>
         <input_file_ref idref="fl-12"/>
      </object_component>
      <object_component id="oc-840">
         <name>.text:TimerCC32XX_getCount</name>
         <load_address>0x20012124</load_address>
         <run_address>0x20012124</run_address>
         <size>0x18</size>
         <input_file_ref idref="fl-14"/>
      </object_component>
      <object_component id="oc-9dc">
         <name>.text:TimerIntDisable</name>
         <load_address>0x2001213c</load_address>
         <run_address>0x2001213c</run_address>
         <size>0x18</size>
         <input_file_ref idref="fl-25"/>
      </object_component>
      <object_component id="oc-9c9">
         <name>.text:TimerIntEnable</name>
         <load_address>0x20012154</load_address>
         <run_address>0x20012154</run_address>
         <size>0x18</size>
         <input_file_ref idref="fl-25"/>
      </object_component>
      <object_component id="oc-974">
         <name>.text:UARTBusy</name>
         <load_address>0x2001216c</load_address>
         <run_address>0x2001216c</run_address>
         <size>0x18</size>
         <input_file_ref idref="fl-26"/>
      </object_component>
      <object_component id="oc-a5f">
         <name>.text:UARTIntEnable</name>
         <load_address>0x20012184</load_address>
         <run_address>0x20012184</run_address>
         <size>0x18</size>
         <input_file_ref idref="fl-26"/>
      </object_component>
      <object_component id="oc-344">
         <name>.text:UART_Params_init</name>
         <load_address>0x2001219c</load_address>
         <run_address>0x2001219c</run_address>
         <size>0x18</size>
         <input_file_ref idref="fl-f"/>
      </object_component>
      <object_component id="oc-3ae">
         <name>.text:_outc</name>
         <load_address>0x200121b4</load_address>
         <run_address>0x200121b4</run_address>
         <size>0x18</size>
         <input_file_ref idref="fl-de"/>
      </object_component>
      <object_component id="oc-223">
         <name>.text:gpioButtonFxn0</name>
         <load_address>0x200121cc</load_address>
         <run_address>0x200121cc</run_address>
         <size>0x18</size>
         <input_file_ref idref="fl-1"/>
      </object_component>
      <object_component id="oc-229">
         <name>.text:gpioButtonFxn1</name>
         <load_address>0x200121e4</load_address>
         <run_address>0x200121e4</run_address>
         <size>0x18</size>
         <input_file_ref idref="fl-1"/>
      </object_component>
      <object_component id="oc-5ae">
         <name>.text</name>
         <load_address>0x200121fc</load_address>
         <run_address>0x200121fc</run_address>
         <size>0x18</size>
         <input_file_ref idref="fl-e2"/>
      </object_component>
      <object_component id="oc-389">
         <name>.text:timerCallback</name>
         <load_address>0x20012214</load_address>
         <run_address>0x20012214</run_address>
         <size>0x18</size>
         <input_file_ref idref="fl-1"/>
      </object_component>
      <object_component id="oc-7f9">
         <name>.text:I2CMasterBurstLengthSet</name>
         <load_address>0x2001222c</load_address>
         <run_address>0x2001222c</run_address>
         <size>0x16</size>
         <input_file_ref idref="fl-21"/>
      </object_component>
      <object_component id="oc-293">
         <name>.text:PRCMHIBRegRead</name>
         <load_address>0x20012242</load_address>
         <run_address>0x20012242</run_address>
         <size>0x16</size>
         <input_file_ref idref="fl-24"/>
      </object_component>
      <object_component id="oc-28d">
         <name>.text:PRCMHIBRegWrite</name>
         <load_address>0x20012258</load_address>
         <run_address>0x20012258</run_address>
         <size>0x16</size>
         <input_file_ref idref="fl-24"/>
      </object_component>
      <object_component id="oc-41c">
         <name>.text:SemaphoreP_create</name>
         <load_address>0x2001226e</load_address>
         <run_address>0x2001226e</run_address>
         <size>0x16</size>
         <input_file_ref idref="fl-19"/>
      </object_component>
      <object_component id="oc-6ff">
         <name>.text:strchr</name>
         <load_address>0x20012284</load_address>
         <run_address>0x20012284</run_address>
         <size>0x16</size>
         <input_file_ref idref="fl-fd"/>
      </object_component>
      <object_component id="oc-a3">
         <name>.text:CPUcpsid</name>
         <load_address>0x2001229a</load_address>
         <run_address>0x2001229a</run_address>
         <size>0x14</size>
         <input_file_ref idref="fl-20"/>
      </object_component>
      <object_component id="oc-45d">
         <name>.text:HwiP_inISR</name>
         <load_address>0x200122b0</load_address>
         <run_address>0x200122b0</run_address>
         <size>0x14</size>
         <input_file_ref idref="fl-1b"/>
      </object_component>
      <object_component id="oc-82c">
         <name>.text:I2CSupport_masterFinish</name>
         <load_address>0x200122c4</load_address>
         <run_address>0x200122c4</run_address>
         <size>0x14</size>
         <input_file_ref idref="fl-11"/>
      </object_component>
      <object_component id="oc-363">
         <name>.text:I2C_transfer</name>
         <load_address>0x200122d8</load_address>
         <run_address>0x200122d8</run_address>
         <size>0x14</size>
         <input_file_ref idref="fl-d"/>
      </object_component>
      <object_component id="oc-af">
         <name>.text:IntVTableBaseSet</name>
         <load_address>0x200122ec</load_address>
         <run_address>0x200122ec</run_address>
         <size>0x14</size>
         <input_file_ref idref="fl-22"/>
      </object_component>
      <object_component id="oc-463">
         <name>.text:Power_disablePolicy</name>
         <load_address>0x20012300</load_address>
         <run_address>0x20012300</run_address>
         <size>0x14</size>
         <input_file_ref idref="fl-12"/>
      </object_component>
      <object_component id="oc-8d5">
         <name>.text:Power_getDependencyCount</name>
         <load_address>0x20012314</load_address>
         <run_address>0x20012314</run_address>
         <size>0x14</size>
         <input_file_ref idref="fl-12"/>
      </object_component>
      <object_component id="oc-a59">
         <name>.text:releasePowerConstraint</name>
         <load_address>0x20012328</load_address>
         <run_address>0x20012328</run_address>
         <size>0x14</size>
         <input_file_ref idref="fl-15"/>
      </object_component>
      <object_component id="oc-503">
         <name>.text:strlen</name>
         <load_address>0x2001233c</load_address>
         <run_address>0x2001233c</run_address>
         <size>0x14</size>
         <input_file_ref idref="fl-fe"/>
      </object_component>
      <object_component id="oc-310">
         <name>.text:HwiP_Params_init</name>
         <load_address>0x20012350</load_address>
         <run_address>0x20012350</run_address>
         <size>0x12</size>
         <input_file_ref idref="fl-1b"/>
      </object_component>
      <object_component id="oc-63e">
         <name>.text:I2CMasterIntClearEx</name>
         <load_address>0x20012362</load_address>
         <run_address>0x20012362</run_address>
         <size>0x12</size>
         <input_file_ref idref="fl-21"/>
      </object_component>
      <object_component id="oc-91f">
         <name>.text:RingBuf_construct</name>
         <load_address>0x20012374</load_address>
         <run_address>0x20012374</run_address>
         <size>0x12</size>
         <input_file_ref idref="fl-17"/>
      </object_component>
      <object_component id="oc-a7c">
         <name>.text:TimerIntClear</name>
         <load_address>0x20012386</load_address>
         <run_address>0x20012386</run_address>
         <size>0x12</size>
         <input_file_ref idref="fl-25"/>
      </object_component>
      <object_component id="oc-11a">
         <name>.text:main</name>
         <load_address>0x20012398</load_address>
         <run_address>0x20012398</run_address>
         <size>0x12</size>
         <input_file_ref idref="fl-3"/>
      </object_component>
      <object_component id="oc-538">
         <name>.text:wcslen</name>
         <load_address>0x200123aa</load_address>
         <run_address>0x200123aa</run_address>
         <size>0x12</size>
         <input_file_ref idref="fl-102"/>
      </object_component>
      <object_component id="oc-153">
         <name>.text:Board_init</name>
         <load_address>0x200123bc</load_address>
         <run_address>0x200123bc</run_address>
         <size>0x10</size>
         <input_file_ref idref="fl-2"/>
      </object_component>
      <object_component id="oc-42e">
         <name>.text:ClockP_add</name>
         <load_address>0x200123cc</load_address>
         <run_address>0x200123cc</run_address>
         <size>0x10</size>
         <input_file_ref idref="fl-1a"/>
      </object_component>
      <object_component id="oc-8fe">
         <name>.text:ClockP_delete</name>
         <load_address>0x200123dc</load_address>
         <run_address>0x200123dc</run_address>
         <size>0x10</size>
         <input_file_ref idref="fl-1a"/>
      </object_component>
      <object_component id="oc-579">
         <name>.text:ClockP_getCpuFreq</name>
         <load_address>0x200123ec</load_address>
         <run_address>0x200123ec</run_address>
         <size>0x10</size>
         <input_file_ref idref="fl-1a"/>
      </object_component>
      <object_component id="oc-597">
         <name>.text:ClockP_getSystemTicks</name>
         <load_address>0x200123fc</load_address>
         <run_address>0x200123fc</run_address>
         <size>0x10</size>
         <input_file_ref idref="fl-1a"/>
      </object_component>
      <object_component id="oc-5b3">
         <name>.text:ClockP_setTicks</name>
         <load_address>0x2001240c</load_address>
[...]
         <name>HwiP_create</name>
         <value>0x20011c61</value>
         <object_component_ref idref="oc-316"/>
      </symbol>
      <symbol id="sm-b03">
         <name>HwiP_post</name>
         <value>0x200125c1</value>
         <object_component_ref idref="oc-776"/>
      </symbol>
      <symbol id="sm-b04">
         <name>HwiP_enable</name>
         <value>0x200124c7</value>
         <object_component_ref idref="oc-159"/>
      </symbol>
      <symbol id="sm-b05">
         <name>HwiP_restore</name>
         <value>0x2001242d</value>
         <object_component_ref idref="oc-2d2"/>
      </symbol>
      <symbol id="sm-b06">
         <name>HwiP_disableInterrupt</name>
         <value>0x200124b9</value>
         <object_component_ref idref="oc-67d"/>
      </symbol>
      <symbol id="sm-b36">
         <name>PowerCC32XX_initPolicy</name>
         <value>0x2000e4b3</value>
         <object_component_ref idref="oc-405"/>
      </symbol>
      <symbol id="sm-b37">
         <name>PowerCC32XX_sleepPolicy</name>
         <value>0x2000db65</value>
         <object_component_ref idref="oc-40b"/>
      </symbol>
      <symbol id="sm-b8c">
         <name>resetISR</name>
         <value>0x20012061</value>
         <object_component_ref idref="oc-21"/>
      </symbol>
      <symbol id="sm-b8d">
         <name>resetVectorAddr</name>
         <value>0x20012074</value>
         <object_component_ref idref="oc-21"/>
      </symbol>
      <symbol id="sm-b8e">
         <name>initVectors</name>
         <value>0x200118f1</value>
         <object_component_ref idref="oc-59"/>
      </symbol>
      <symbol id="sm-b8f">
         <name>resetVectors</name>
         <value>0x20004000</value>
         <object_component_ref idref="oc-27"/>
      </symbol>
      <symbol id="sm-bbf">
         <name>SwiP_disable</name>
         <value>0x20011fbd</value>
         <object_component_ref idref="oc-57f"/>
      </symbol>
      <symbol id="sm-bc0">
         <name>SwiP_restore</name>
         <value>0x20011449</value>
         <object_component_ref idref="oc-5b9"/>
      </symbol>
      <symbol id="sm-bcb">
         <name>CPUcpsid</name>
         <value>0x2001229b</value>
         <object_component_ref idref="oc-a3"/>
      </symbol>
      <symbol id="sm-c38">
         <name>I2CRxFIFOFlush</name>
         <value>0x200120c3</value>
         <object_component_ref idref="oc-81e"/>
      </symbol>
      <symbol id="sm-c39">
         <name>I2CTxFIFOFlush</name>
         <value>0x200120db</value>
         <object_component_ref idref="oc-818"/>
      </symbol>
      <symbol id="sm-c3a">
         <name>I2CFIFODataPutNonBlocking</name>
         <value>0x20011cdf</value>
         <object_component_ref idref="oc-65c"/>
      </symbol>
      <symbol id="sm-c3b">
         <name>I2CMasterBusBusy</name>
         <value>0x2001207b</value>
         <object_component_ref idref="oc-824"/>
      </symbol>
      <symbol id="sm-c3c">
         <name>I2CMasterIntDisableEx</name>
         <value>0x20012093</value>
         <object_component_ref idref="oc-64a"/>
      </symbol>
      <symbol id="sm-c3d">
         <name>I2CMasterBurstLengthSet</name>
         <value>0x2001222d</value>
         <object_component_ref idref="oc-7f9"/>
      </symbol>
      <symbol id="sm-c3e">
         <name>I2CMasterIntClearEx</name>
         <value>0x20012363</value>
         <object_component_ref idref="oc-63e"/>
      </symbol>
      <symbol id="sm-c3f">
         <name>I2CMasterSlaveAddrSet</name>
         <value>0x20011e85</value>
         <object_component_ref idref="oc-7ed"/>
      </symbol>
      <symbol id="sm-c40">
         <name>I2CMasterIntEnableEx</name>
         <value>0x200120ab</value>
         <object_component_ref idref="oc-7ff"/>
      </symbol>
      <symbol id="sm-c41">
         <name>I2CFIFOStatus</name>
         <value>0x2001243d</value>
         <object_component_ref idref="oc-662"/>
      </symbol>
      <symbol id="sm-c42">
         <name>I2CMasterIntStatusEx</name>
         <value>0x20011f29</value>
         <object_component_ref idref="oc-638"/>
      </symbol>
      <symbol id="sm-c43">
         <name>I2CFIFODataGetNonBlocking</name>
         <value>0x20011d81</value>
         <object_component_ref idref="oc-7e5"/>
      </symbol>
      <symbol id="sm-c88">
         <name>IntVTableBaseSet</name>
         <value>0x200122ed</value>
         <object_component_ref idref="oc-af"/>
      </symbol>
      <symbol id="sm-c89">
         <name>IntEnable</name>
         <value>0x2000f7e5</value>
         <object_component_ref idref="oc-b5"/>
      </symbol>
      <symbol id="sm-c8a">
         <name>IntMasterDisable</name>
         <value>0x2001255d</value>
         <object_component_ref idref="oc-53"/>
      </symbol>
      <symbol id="sm-c8b">
         <name>IntPendSet</name>
         <value>0x2000fe9d</value>
         <object_component_ref idref="oc-8eb"/>
      </symbol>
      <symbol id="sm-cc5">
         <name>PinModeGet</name>
         <value>0x20011aa5</value>
         <object_component_ref idref="oc-2ab"/>
      </symbol>
      <symbol id="sm-cc6">
         <name>PinConfigSet</name>
         <value>0x2000ff25</value>
         <object_component_ref idref="oc-304"/>
      </symbol>
      <symbol id="sm-cc7">
         <name>PinModeSet</name>
         <value>0x200115dd</value>
         <object_component_ref idref="oc-2b1"/>
      </symbol>
      <symbol id="sm-cc8">
         <name>PinToPadGet</name>
         <value>0x20011fa1</value>
         <object_component_ref idref="oc-8b9"/>
      </symbol>
      <symbol id="sm-d91">
         <name>PRCMLPDSRestoreInfoSet</name>
         <value>0x2001137d</value>
         <object_component_ref idref="oc-8cd"/>
      </symbol>
      <symbol id="sm-d92">
         <name>PRCMPeripheralReset</name>
         <value>0x20010b3d</value>
         <object_component_ref idref="oc-29f"/>
      </symbol>
      <symbol id="sm-d93">
         <name>PRCMLPDSEnter</name>
         <value>0x2001118d</value>
         <object_component_ref idref="oc-767"/>
      </symbol>
      <symbol id="sm-d94">
         <name>PRCMPeripheralClkEnable</name>
         <value>0x200111d5</value>
         <object_component_ref idref="oc-299"/>
      </symbol>
      <symbol id="sm-d95">
         <name>PRCMLPDSEnterKeepDebugIf</name>
         <value>0x20011849</value>
         <object_component_ref idref="oc-76d"/>
      </symbol>
      <symbol id="sm-d96">
         <name>PRCMCC3200MCUInit</name>
         <value>0x2000ca91</value>
         <object_component_ref idref="oc-1cd"/>
      </symbol>
      <symbol id="sm-d97">
         <name>PRCMHIBRegWrite</name>
         <value>0x20012259</value>
         <object_component_ref idref="oc-28d"/>
      </symbol>
      <symbol id="sm-d98">
         <name>PRCMSysResetCauseGet</name>
         <value>0x20010971</value>
         <object_component_ref idref="oc-286"/>
      </symbol>
      <symbol id="sm-d99">
         <name>PRCMPeripheralClkDisable</name>
         <value>0x20011d09</value>
         <object_component_ref idref="oc-2a5"/>
      </symbol>
      <symbol id="sm-d9a">
         <name>PRCMHIBRegRead</name>
         <value>0x20012243</value>
         <object_component_ref idref="oc-293"/>
      </symbol>
      <symbol id="sm-de2">
         <name>TimerLoadSet</name>
         <value>0x20011c8b</value>
         <object_component_ref idref="oc-9c2"/>
      </symbol>
      <symbol id="sm-de3">
         <name>TimerDisable</name>
         <value>0x20011f65</value>
         <object_component_ref idref="oc-9d6"/>
      </symbol>
      <symbol id="sm-de4">
         <name>TimerEnable</name>
         <value>0x20011f83</value>
         <object_component_ref idref="oc-9cf"/>
      </symbol>
      <symbol id="sm-de5">
         <name>TimerIntDisable</name>
         <value>0x2001213d</value>
         <object_component_ref idref="oc-9dc"/>
      </symbol>
      <symbol id="sm-de6">
         <name>TimerPrescaleSet</name>
         <value>0x20011cb5</value>
         <object_component_ref idref="oc-9bc"/>
      </symbol>
      <symbol id="sm-de7">
         <name>TimerControlStall</name>
         <value>0x200119d1</value>
         <object_component_ref idref="oc-a74"/>
      </symbol>
      <symbol id="sm-de8">
         <name>TimerIntEnable</name>
         <value>0x20012155</value>
         <object_component_ref idref="oc-9c9"/>
      </symbol>
      <symbol id="sm-de9">
         <name>TimerIntClear</name>
         <value>0x20012387</value>
         <object_component_ref idref="oc-a7c"/>
      </symbol>
      <symbol id="sm-dfd">
         <name>UARTBusy</name>
         <value>0x2001216d</value>
         <object_component_ref idref="oc-974"/>
      </symbol>
      <symbol id="sm-dfe">
         <name>UARTIntEnable</name>
         <value>0x20012185</value>
         <object_component_ref idref="oc-a5f"/>
      </symbol>
      <symbol id="sm-e02">
         <name>UtilsDelay</name>
         <value>0x200125b7</value>
         <object_component_ref idref="oc-28c"/>
      </symbol>
      <symbol id="sm-e12">
         <name>FlashDisable</name>
         <value>0x20011145</value>
         <object_component_ref idref="oc-8e3"/>
      </symbol>
      <symbol id="sm-e41">
         <name>snprintf</name>
         <value>0x200110f9</value>
         <object_component_ref idref="oc-217"/>
      </symbol>
      <symbol id="sm-e4b">
         <name>__aeabi_fmul</name>
         <value>0x200103bf</value>
         <object_component_ref idref="oc-396"/>
      </symbol>
      <symbol id="sm-e55">
         <name>__aeabi_f2iz</name>
         <value>0x20011961</value>
         <object_component_ref idref="oc-39b"/>
      </symbol>
      <symbol id="sm-e60">
         <name>__aeabi_i2f</name>
         <value>0x20011999</value>
         <object_component_ref idref="oc-391"/>
      </symbol>
      <symbol id="sm-e69">
         <name>__aeabi_lmul</name>
         <value>0x200121fd</value>
         <object_component_ref idref="oc-5ae"/>
      </symbol>
      <symbol id="sm-e84">
         <name>memcpy</name>
         <value>0x2000fbb5</value>
         <object_component_ref idref="oc-3b"/>
      </symbol>
      <symbol id="sm-e85">
         <name>__aeabi_memcpy</name>
         <value>0x2000fbb5</value>
         <object_component_ref idref="oc-3b"/>
      </symbol>
      <symbol id="sm-e86">
         <name>__aeabi_memcpy8</name>
         <value>0x2000fbb5</value>
         <object_component_ref idref="oc-3b"/>
      </symbol>
      <symbol id="sm-e87">
         <name>__aeabi_memcpy4</name>
         <value>0x2000fbb5</value>
         <object_component_ref idref="oc-3b"/>
      </symbol>
      <symbol id="sm-e94">
         <name>__aeabi_uldivmod</name>
         <value>0x2000fce9</value>
         <object_component_ref idref="oc-5a3"/>
      </symbol>
      <symbol id="sm-ea8">
         <name>__TI_zero_init_nomemset</name>
         <value>0x20011fd9</value>
         <object_component_ref idref="oc-47"/>
      </symbol>
      <symbol id="sm-ebf">
         <name>__TI_decompress_none</name>
         <value>0x200124ff</value>
         <object_component_ref idref="oc-1a"/>
      </symbol>
      <symbol id="sm-ee2">
         <name>__TI_decompress_lzss</name>
         <value>0x200107d9</value>
         <object_component_ref idref="oc-14"/>
      </symbol>
      <symbol id="sm-f6b">
         <name>_sys_memory</name>
         <value>0x20004040</value>
         <object_component_ref idref="oc-2a"/>
      </symbol>
      <symbol id="sm-f6c">
         <name>free</name>
         <value>0x2000ee4d</value>
         <object_component_ref idref="oc-427"/>
      </symbol>
      <symbol id="sm-f6d">
         <name>memalign</name>
         <value>0x2000ea61</value>
         <object_component_ref idref="oc-607"/>
      </symbol>
      <symbol id="sm-f6e">
         <name>malloc</name>
         <value>0x2001258d</value>
         <object_component_ref idref="oc-482"/>
      </symbol>
      <symbol id="sm-f6f">
         <name>aligned_alloc</name>
         <value>0x2000ea61</value>
         <object_component_ref idref="oc-607"/>
      </symbol>
      <symbol id="sm-f81">
         <name>__stack</name>
         <value>0x20003000</value>
         <object_component_ref idref="oc-2d"/>
      </symbol>
      <symbol id="sm-f82">
         <name>_c_int00_noargs</name>
         <value>0x20011e61</value>
         <object_component_ref idref="oc-c5"/>
      </symbol>
      <symbol id="sm-10e7">
         <name>__TI_printfi</name>
         <value>0x2000c041</value>
         <object_component_ref idref="oc-3a2"/>
      </symbol>
      <symbol id="sm-10f1">
         <name>__aeabi_idiv0</name>
         <value>0x20010e8b</value>
         <object_component_ref idref="oc-738"/>
      </symbol>
      <symbol id="sm-10f2">
         <name>__aeabi_ldiv0</name>
         <value>0x20010e8b</value>
         <object_component_ref idref="oc-738"/>
      </symbol>
      <symbol id="sm-1109">
         <name>__aeabi_dsub</name>
         <value>0x2000d9ad</value>
         <object_component_ref idref="oc-6d3"/>
      </symbol>
      <symbol id="sm-110a">
         <name>__aeabi_dadd</name>
         <value>0x2000d9b7</value>
         <object_component_ref idref="oc-6d3"/>
      </symbol>
      <symbol id="sm-112c">
         <name>__aeabi_cdcmpeq</name>
         <value>0x20010035</value>
         <object_component_ref idref="oc-515"/>
      </symbol>
      <symbol id="sm-112d">
         <name>__aeabi_cdcmple</name>
         <value>0x20010035</value>
         <object_component_ref idref="oc-515"/>
      </symbol>
      <symbol id="sm-112e">
         <name>__aeabi_cdrcmple</name>
         <value>0x200100bb</value>
         <object_component_ref idref="oc-6be"/>
      </symbol>
      <symbol id="sm-1142">
         <name>__aeabi_ddiv</name>
         <value>0x2000e37d</value>
         <object_component_ref idref="oc-6b9"/>
      </symbol>
      <symbol id="sm-114d">
         <name>__aeabi_dmul</name>
         <value>0x2000ec5d</value>
         <object_component_ref idref="oc-6b4"/>
      </symbol>
      <symbol id="sm-1157">
         <name>__aeabi_d2iz</name>
         <value>0x20011265</value>
         <object_component_ref idref="oc-6c3"/>
      </symbol>
      <symbol id="sm-1161">
         <name>__aeabi_i2d</name>
         <value>0x20011c05</value>
         <object_component_ref idref="oc-6ce"/>
      </symbol>
      <symbol id="sm-1170">
         <name>__aeabi_memset</name>
         <value>0x2001043b</value>
         <object_component_ref idref="oc-9d"/>
      </symbol>
      <symbol id="sm-1171">
         <name>memset</name>
         <value>0x20010441</value>
         <object_component_ref idref="oc-9d"/>
      </symbol>
      <symbol id="sm-1172">
         <name>__aeabi_memset8</name>
         <value>0x2001043b</value>
         <object_component_ref idref="oc-9d"/>
      </symbol>
      <symbol id="sm-1173">
         <name>__aeabi_memset4</name>
         <value>0x2001043b</value>
         <object_component_ref idref="oc-9d"/>
      </symbol>
      <symbol id="sm-1174">
         <name>__aeabi_memclr8</name>
         <value>0x20010439</value>
         <object_component_ref idref="oc-9d"/>
      </symbol>
      <symbol id="sm-1175">
         <name>__aeabi_memclr4</name>
         <value>0x20010439</value>
         <object_component_ref idref="oc-9d"/>
      </symbol>
      <symbol id="sm-1176">
         <name>__aeabi_memclr</name>
         <value>0x20010439</value>
         <object_component_ref idref="oc-9d"/>
      </symbol>
      <symbol id="sm-119e">
         <name>__TI_auto_init_nobinit_nopinit</name>
         <value>0x20011515</value>
         <object_component_ref idref="oc-172"/>
      </symbol>
      <symbol id="sm-11a8">
         <name>_system_pre_init</name>
         <value>0x200125c9</value>
         <object_component_ref idref="oc-114"/>
      </symbol>
      <symbol id="sm-11b4">
         <name>C$$EXIT</name>
         <value>0x200125cd</value>
         <object_component_ref idref="oc-166"/>
      </symbol>
      <symbol id="sm-11b5">
         <name>abort</name>
         <value>0x200125cd</value>
         <object_component_ref idref="oc-166"/>
      </symbol>
      <symbol id="sm-11ca">
         <name>_nop</name>
         <value>0x2000f0cb</value>
         <object_component_ref idref="oc-3cd"/>
      </symbol>
      <symbol id="sm-11cb">
         <name>_lock</name>
         <value>0x20012b64</value>
         <object_component_ref idref="oc-239"/>
      </symbol>
      <symbol id="sm-11cc">
         <name>_unlock</name>
         <value>0x20012b68</value>
         <object_component_ref idref="oc-239"/>
      </symbol>
      <symbol id="sm-11db">
         <name>__TI_ltoa</name>
         <value>0x20010c99</value>
         <object_component_ref idref="oc-6c8"/>
      </symbol>
      <symbol id="sm-11f2">
         <name>atoi</name>
         <value>0x20011061</value>
         <object_component_ref idref="oc-509"/>
      </symbol>
      <symbol id="sm-11fd">
         <name>_ctypes_</name>
         <value>0x20012b94</value>
         <object_component_ref idref="oc-6ad"/>
      </symbol>
      <symbol id="sm-120d">
         <name>memccpy</name>
         <value>0x20012011</value>
         <object_component_ref idref="oc-532"/>
      </symbol>
      <symbol id="sm-121d">
         <name>strchr</name>
         <value>0x20012285</value>
         <object_component_ref idref="oc-6ff"/>
      </symbol>
      <symbol id="sm-122b">
         <name>strlen</name>
         <value>0x2001233d</value>
         <object_component_ref idref="oc-503"/>
      </symbol>
      <symbol id="sm-1241">
         <name>__aeabi_errno_addr</name>
         <value>0x20012585</value>
         <object_component_ref idref="oc-53e"/>
      </symbol>
      <symbol id="sm-1242">
         <name>errno</name>
         <value>0x20012b8c</value>
         <object_component_ref idref="oc-70f"/>
      </symbol>
      <symbol id="sm-1262">
         <name>frexpl</name>
         <value>0x20010a2d</value>
         <object_component_ref idref="oc-6f3"/>
      </symbol>
      <symbol id="sm-1263">
         <name>frexp</name>
         <value>0x20010a2d</value>
         <object_component_ref idref="oc-6f3"/>
      </symbol>
      <symbol id="sm-1281">
         <name>scalbn</name>
         <value>0x2000ef31</value>
         <object_component_ref idref="oc-6f9"/>
      </symbol>
      <symbol id="sm-1282">
         <name>scalbnl</name>
         <value>0x2000ef31</value>
         <object_component_ref idref="oc-6f9"/>
      </symbol>
      <symbol id="sm-1283">
         <name>ldexpl</name>
         <value>0x2000ef31</value>
         <object_component_ref idref="oc-6f9"/>
      </symbol>
      <symbol id="sm-1284">
         <name>ldexp</name>
         <value>0x2000ef31</value>
         <object_component_ref idref="oc-6f9"/>
      </symbol>
      <symbol id="sm-129d">
         <name>wcslen</name>
         <value>0x200123ab</value>
         <object_component_ref idref="oc-538"/>
      </symbol>
      <symbol id="sm-12a7">
         <name>copysign</name>
         <value>0x20012525</value>
         <object_component_ref idref="oc-883"/>
      </symbol>
      <symbol id="sm-12a8">
         <name>copysignl</name>
         <value>0x20012525</value>
         <object_component_ref idref="oc-883"/>
      </symbol>
      <symbol id="sm-12a9">
         <name>__TI_static_base__</name>
         <value>0x20013488</value>
      </symbol>
      <symbol id="sm-12ac">
         <name>ITM_flush</name>
         <value>0x0</value>
      </symbol>
      <symbol id="sm-12ad">
         <name>ITM_restore</name>
         <value>0x0</value>
      </symbol>
      <symbol id="sm-12ae">
         <name>__mpu_init</name>
         <value>0x0</value>
      </symbol>
      <symbol id="sm-12af">
         <name>_system_post_cinit</name>
         <value>0x0</value>
      </symbol>
      <symbol id="sm-12b0">
         <name>NoRTOS_start</name>
         <value>0x200124c7</value>
      </symbol>
   </symbol_table>
   <title>Link successful</title>
</link_info>
